Component: ARM Compiler 5.06 update 5 (build 528) Tool: armlink [4d35e2]

==============================================================================

Section Cross References

    startup_stm32f10x_md.o(STACK) refers (Special) to heapauxi.o(.text) for __use_two_region_memory
    startup_stm32f10x_md.o(HEAP) refers (Special) to heapauxi.o(.text) for __use_two_region_memory
    startup_stm32f10x_md.o(RESET) refers (Special) to heapauxi.o(.text) for __use_two_region_memory
    startup_stm32f10x_md.o(RESET) refers to startup_stm32f10x_md.o(STACK) for __initial_sp
    startup_stm32f10x_md.o(RESET) refers to startup_stm32f10x_md.o(.text) for Reset_Handler
    startup_stm32f10x_md.o(RESET) refers to stm32f10x_it.o(i.NMI_Handler) for NMI_Handler
    startup_stm32f10x_md.o(RESET) refers to stm32f10x_it.o(i.HardFault_Handler) for HardFault_Handler
    startup_stm32f10x_md.o(RESET) refers to stm32f10x_it.o(i.MemManage_Handler) for MemManage_Handler
    startup_stm32f10x_md.o(RESET) refers to stm32f10x_it.o(i.BusFault_Handler) for BusFault_Handler
    startup_stm32f10x_md.o(RESET) refers to stm32f10x_it.o(i.UsageFault_Handler) for UsageFault_Handler
    startup_stm32f10x_md.o(RESET) refers to stm32f10x_it.o(i.SVC_Handler) for SVC_Handler
    startup_stm32f10x_md.o(RESET) refers to stm32f10x_it.o(i.DebugMon_Handler) for DebugMon_Handler
    startup_stm32f10x_md.o(RESET) refers to stm32f10x_it.o(i.PendSV_Handler) for PendSV_Handler
    startup_stm32f10x_md.o(RESET) refers to stm32f10x_it.o(i.SysTick_Handler) for SysTick_Handler
    startup_stm32f10x_md.o(RESET) refers to usart1.o(i.USART1_IRQHandler) for USART1_IRQHandler
    startup_stm32f10x_md.o(.text) refers (Special) to heapauxi.o(.text) for __use_two_region_memory
    startup_stm32f10x_md.o(.text) refers to system_stm32f10x.o(i.SystemInit) for SystemInit
    startup_stm32f10x_md.o(.text) refers to __main.o(!!!main) for __main
    startup_stm32f10x_md.o(.text) refers to startup_stm32f10x_md.o(HEAP) for Heap_Mem
    startup_stm32f10x_md.o(.text) refers to startup_stm32f10x_md.o(STACK) for Stack_Mem
    system_stm32f10x.o(i.SetSysClock) refers to system_stm32f10x.o(i.SetSysClockTo72) for SetSysClockTo72
    system_stm32f10x.o(i.SystemCoreClockUpdate) refers to system_stm32f10x.o(.data) for SystemCoreClock
    system_stm32f10x.o(i.SystemInit) refers to system_stm32f10x.o(i.SetSysClock) for SetSysClock
    main.o(i.main) refers to led.o(i.LED_Init) for LED_Init
    main.o(i.main) refers to led.o(i.LED_Open) for LED_Open
    main.o(i.main) refers to oled.o(i.OLED_Init) for OLED_Init
    main.o(i.main) refers to dht11.o(i.DHT11_Init) for DHT11_Init
    main.o(i.main) refers to gy30.o(i.GY30_Init) for GY30_Init
    main.o(i.main) refers to buzzer.o(i.Buzzer_Init) for Buzzer_Init
    main.o(i.main) refers to mq135.o(i.MQ135_Init) for MQ135_Init
    main.o(i.main) refers to esp8266.o(i.ESP8266_Init) for ESP8266_Init
    main.o(i.main) refers to buzzer.o(i.Buzzer_Reminder) for Buzzer_Reminder
    main.o(i.main) refers to led.o(i.LED_Close) for LED_Close
    main.o(i.main) refers to oled.o(i.OLED_ShowString) for OLED_ShowString
    main.o(i.main) refers to delay.o(i.Delay_ms) for Delay_ms
    main.o(i.main) refers to dht11.o(i.DHT11_RecvData) for DHT11_RecvData
    main.o(i.main) refers to gy30.o(i.GY30_RecvData) for GY30_RecvData
    main.o(i.main) refers to mq135.o(i.MQ135_RecvData) for MQ135_RecvData
    main.o(i.main) refers to oled.o(i.OLED_ShowNum) for OLED_ShowNum
    main.o(i.main) refers to dflt_clz.o(x$fpl$dfltu) for __aeabi_ui2d
    main.o(i.main) refers to dmul.o(x$fpl$dmul) for __aeabi_dmul
    main.o(i.main) refers to ddiv.o(x$fpl$ddiv) for __aeabi_ddiv
    main.o(i.main) refers to d2f.o(x$fpl$d2f) for __aeabi_d2f
    main.o(i.main) refers to ffixu.o(x$fpl$ffixu) for __aeabi_f2uiz
    main.o(i.main) refers to fmul.o(x$fpl$fmul) for __aeabi_fmul
    main.o(i.main) refers to ffix.o(x$fpl$ffix) for __aeabi_f2iz
    main.o(i.main) refers to daddsub_clz.o(x$fpl$dadd) for __aeabi_dadd
    main.o(i.main) refers to daddsub_clz.o(x$fpl$dsub) for __aeabi_dsub
    main.o(i.main) refers to esp8266.o(i.ESP8266_SendData) for ESP8266_SendData
    main.o(i.main) refers to dht11.o(.data) for DHT11_data
    main.o(i.main) refers to gy30.o(.data) for GY30_data
    main.o(i.main) refers to mq135.o(.data) for MQ_data
    stm32f10x_adc.o(i.ADC_DeInit) refers to stm32f10x_rcc.o(i.RCC_APB2PeriphResetCmd) for RCC_APB2PeriphResetCmd
    stm32f10x_bkp.o(i.BKP_DeInit) refers to stm32f10x_rcc.o(i.RCC_BackupResetCmd) for RCC_BackupResetCmd
    stm32f10x_can.o(i.CAN_DeInit) refers to stm32f10x_rcc.o(i.RCC_APB1PeriphResetCmd) for RCC_APB1PeriphResetCmd
    stm32f10x_can.o(i.CAN_GetITStatus) refers to stm32f10x_can.o(i.CheckITStatus) for CheckITStatus
    stm32f10x_cec.o(i.CEC_DeInit) refers to stm32f10x_rcc.o(i.RCC_APB1PeriphResetCmd) for RCC_APB1PeriphResetCmd
    stm32f10x_dac.o(i.DAC_DeInit) refers to stm32f10x_rcc.o(i.RCC_APB1PeriphResetCmd) for RCC_APB1PeriphResetCmd
[...]
    .text                                    0x080013d6   Section        0  indicate_semi.o(.text)
    CL$$btod_d2e                             0x080013d6   Section       62  btod.o(CL$$btod_d2e)
    CL$$btod_d2e_denorm_low                  0x08001414   Section       70  btod.o(CL$$btod_d2e_denorm_low)
    CL$$btod_d2e_norm_op1                    0x0800145a   Section       96  btod.o(CL$$btod_d2e_norm_op1)
    CL$$btod_div_common                      0x080014ba   Section      824  btod.o(CL$$btod_div_common)
    CL$$btod_e2e                             0x080017f2   Section      220  btod.o(CL$$btod_e2e)
    CL$$btod_ediv                            0x080018ce   Section       42  btod.o(CL$$btod_ediv)
    CL$$btod_emul                            0x080018f8   Section       42  btod.o(CL$$btod_emul)
    CL$$btod_mult_common                     0x08001922   Section      580  btod.o(CL$$btod_mult_common)
    i.ADC_Cmd                                0x08001b66   Section        0  stm32f10x_adc.o(i.ADC_Cmd)
    i.ADC_DMACmd                             0x08001b7c   Section        0  stm32f10x_adc.o(i.ADC_DMACmd)
    i.ADC_GetCalibrationStatus               0x08001b92   Section        0  stm32f10x_adc.o(i.ADC_GetCalibrationStatus)
    i.ADC_GetResetCalibrationStatus          0x08001ba6   Section        0  stm32f10x_adc.o(i.ADC_GetResetCalibrationStatus)
    i.ADC_Init                               0x08001bbc   Section        0  stm32f10x_adc.o(i.ADC_Init)
    i.ADC_RegularChannelConfig               0x08001c0c   Section        0  stm32f10x_adc.o(i.ADC_RegularChannelConfig)
    i.ADC_ResetCalibration                   0x08001cc4   Section        0  stm32f10x_adc.o(i.ADC_ResetCalibration)
    i.ADC_SoftwareStartConvCmd               0x08001cce   Section        0  stm32f10x_adc.o(i.ADC_SoftwareStartConvCmd)
    i.ADC_StartCalibration                   0x08001ce4   Section        0  stm32f10x_adc.o(i.ADC_StartCalibration)
    i.BusFault_Handler                       0x08001cee   Section        0  stm32f10x_it.o(i.BusFault_Handler)
    i.Buzzer_Init                            0x08001cf4   Section        0  buzzer.o(i.Buzzer_Init)
    i.Buzzer_Reminder                        0x08001d28   Section        0  buzzer.o(i.Buzzer_Reminder)
    i.DHT11_Collect                          0x08001d54   Section        0  dht11.o(i.DHT11_Collect)
    i.DHT11_Init                             0x08001d90   Section        0  dht11.o(i.DHT11_Init)
    i.DHT11_InputMode                        0x08001d94   Section        0  dht11.o(i.DHT11_InputMode)
    i.DHT11_OutputMode                       0x08001dc0   Section        0  dht11.o(i.DHT11_OutputMode)
    i.DHT11_RecvByte                         0x08001dec   Section        0  dht11.o(i.DHT11_RecvByte)
    i.DHT11_RecvData                         0x08001e34   Section        0  dht11.o(i.DHT11_RecvData)
    i.DMA_Cmd                                0x08001ea0   Section        0  stm32f10x_dma.o(i.DMA_Cmd)
    i.DMA_Init                               0x08001eb8   Section        0  stm32f10x_dma.o(i.DMA_Init)
    i.DebugMon_Handler                       0x08001ef4   Section        0  stm32f10x_it.o(i.DebugMon_Handler)
    i.Delay_ms                               0x08001ef6   Section        0  delay.o(i.Delay_ms)
    i.Delay_us                               0x08001f0e   Section        0  delay.o(i.Delay_us)
    i.ESP8266_Init                           0x08001f3c   Section        0  esp8266.o(i.ESP8266_Init)
    i.ESP8266_SendCmd                        0x08002084   Section        0  esp8266.o(i.ESP8266_SendCmd)
    i.ESP8266_SendData                       0x080020c0   Section        0  esp8266.o(i.ESP8266_SendData)
    i.GPIO_Init                              0x08002124   Section        0  stm32f10x_gpio.o(i.GPIO_Init)
    i.GPIO_ReadInputDataBit                  0x0800223a   Section        0  stm32f10x_gpio.o(i.GPIO_ReadInputDataBit)
    i.GPIO_ResetBits                         0x0800224c   Section        0  stm32f10x_gpio.o(i.GPIO_ResetBits)
    i.GPIO_SetBits                           0x08002250   Section        0  stm32f10x_gpio.o(i.GPIO_SetBits)
    i.GPIO_WriteBit                          0x08002254   Section        0  stm32f10x_gpio.o(i.GPIO_WriteBit)
    i.GY30_Init                              0x0800225e   Section        0  gy30.o(i.GY30_Init)
    i.GY30_RecvData                          0x080022a0   Section        0  gy30.o(i.GY30_RecvData)
    i.HardFault_Handler                      0x080022e8   Section        0  stm32f10x_it.o(i.HardFault_Handler)
    i.LED_Close                              0x080022ec   Section        0  led.o(i.LED_Close)
    i.LED_Init                               0x08002324   Section        0  led.o(i.LED_Init)
    i.LED_Open                               0x0800235c   Section        0  led.o(i.LED_Open)
    i.MQ135_Init                             0x08002398   Section        0  mq135.o(i.MQ135_Init)
    i.MQ135_RecvData                         0x080023a0   Section        0  mq135.o(i.MQ135_RecvData)
    i.MemManage_Handler                      0x080023b4   Section        0  stm32f10x_it.o(i.MemManage_Handler)
    i.MyADC_Init                             0x080023b8   Section        0  myadc.o(i.MyADC_Init)
    i.MyI2C_Init                             0x080024bc   Section        0  myi2c.o(i.MyI2C_Init)
    i.MyI2C_RecvAck                          0x080024f0   Section        0  myi2c.o(i.MyI2C_RecvAck)
    i.MyI2C_RecvByte                         0x0800250e   Section        0  myi2c.o(i.MyI2C_RecvByte)
    i.MyI2C_SCL_W                            0x08002540   Section        0  myi2c.o(i.MyI2C_SCL_W)
    i.MyI2C_SDA_R                            0x0800255c   Section        0  myi2c.o(i.MyI2C_SDA_R)
    i.MyI2C_SDA_W                            0x08002578   Section        0  myi2c.o(i.MyI2C_SDA_W)
    i.MyI2C_SendAck                          0x08002594   Section        0  myi2c.o(i.MyI2C_SendAck)
    i.MyI2C_SendByte                         0x080025ac   Section        0  myi2c.o(i.MyI2C_SendByte)
    i.MyI2C_Start                            0x080025d6   Section        0  myi2c.o(i.MyI2C_Start)
    i.MyI2C_Stop                             0x080025f2   Section        0  myi2c.o(i.MyI2C_Stop)
    i.NMI_Handler                            0x08002608   Section        0  stm32f10x_it.o(i.NMI_Handler)
    i.NVIC_Init                              0x0800260c   Section        0  misc.o(i.NVIC_Init)
    i.NVIC_PriorityGroupConfig               0x0800267c   Section        0  misc.o(i.NVIC_PriorityGroupConfig)
    i.OLED_Clear                             0x08002690   Section        0  oled.o(i.OLED_Clear)
    i.OLED_I2C_Init                          0x080026bc   Section        0  oled.o(i.OLED_I2C_Init)
    i.OLED_I2C_SendByte                      0x080026fc   Section        0  oled.o(i.OLED_I2C_SendByte)
    i.OLED_I2C_Start                         0x08002750   Section        0  oled.o(i.OLED_I2C_Start)
    i.OLED_I2C_Stop                          0x08002784   Section        0  oled.o(i.OLED_I2C_Stop)
    i.OLED_Init                              0x080027ac   Section        0  oled.o(i.OLED_Init)
    i.OLED_Pow                               0x0800285a   Section        0  oled.o(i.OLED_Pow)
    i.OLED_SetCursor                         0x0800286e   Section        0  oled.o(i.OLED_SetCursor)
    i.OLED_ShowChar                          0x08002890   Section        0  oled.o(i.OLED_ShowChar)
    i.OLED_ShowNum                           0x08002904   Section        0  oled.o(i.OLED_ShowNum)
    i.OLED_ShowString                        0x08002948   Section        0  oled.o(i.OLED_ShowString)
    i.OLED_WriteCommand                      0x08002970   Section        0  oled.o(i.OLED_WriteCommand)
    i.OLED_WriteData                         0x08002990   Section        0  oled.o(i.OLED_WriteData)
    i.PendSV_Handler                         0x080029b0   Section        0  stm32f10x_it.o(i.PendSV_Handler)
    i.RCC_ADCCLKConfig                       0x080029b4   Section        0  stm32f10x_rcc.o(i.RCC_ADCCLKConfig)
    i.RCC_AHBPeriphClockCmd                  0x080029cc   Section        0  stm32f10x_rcc.o(i.RCC_AHBPeriphClockCmd)
    i.RCC_APB2PeriphClockCmd                 0x080029ec   Section        0  stm32f10x_rcc.o(i.RCC_APB2PeriphClockCmd)
    i.RCC_GetClocksFreq                      0x08002a0c   Section        0  stm32f10x_rcc.o(i.RCC_GetClocksFreq)
    i.SVC_Handler                            0x08002ae0   Section        0  stm32f10x_it.o(i.SVC_Handler)
    i.SetSysClock                            0x08002ae2   Section        0  system_stm32f10x.o(i.SetSysClock)
    SetSysClock                              0x08002ae3   Thumb Code     8  system_stm32f10x.o(i.SetSysClock)
    i.SetSysClockTo72                        0x08002aec   Section        0  system_stm32f10x.o(i.SetSysClockTo72)
    SetSysClockTo72                          0x08002aed   Thumb Code   214  system_stm32f10x.o(i.SetSysClockTo72)
    i.SysTick_Handler                        0x08002bcc   Section        0  stm32f10x_it.o(i.SysTick_Handler)
    i.SystemInit                             0x08002bd0   Section        0  system_stm32f10x.o(i.SystemInit)
    i.USART1_Clear                           0x08002c30   Section        0  usart1.o(i.USART1_Clear)
    i.USART1_IRQHandler                      0x08002c4c   Section        0  usart1.o(i.USART1_IRQHandler)
    i.USART1_Init                            0x08002ca0   Section        0  usart1.o(i.USART1_Init)
    i.USART1_Printf                          0x08002d58   Section        0  usart1.o(i.USART1_Printf)
    i.USART1_SendByte                        0x08002d84   Section        0  usart1.o(i.USART1_SendByte)
    i.USART1_SendString                      0x08002da4   Section        0  usart1.o(i.USART1_SendString)
    i.USART_ClearITPendingBit                0x08002dbe   Section        0  stm32f10x_usart.o(i.USART_ClearITPendingBit)
    i.USART_Cmd                              0x08002ddc   Section        0  stm32f10x_usart.o(i.USART_Cmd)
    i.USART_GetFlagStatus                    0x08002df4   Section        0  stm32f10x_usart.o(i.USART_GetFlagStatus)
    i.USART_GetITStatus                      0x08002e0e   Section        0  stm32f10x_usart.o(i.USART_GetITStatus)
    i.USART_ITConfig                         0x08002e62   Section        0  stm32f10x_usart.o(i.USART_ITConfig)
    i.USART_Init                             0x08002eac   Section        0  stm32f10x_usart.o(i.USART_Init)
    i.USART_ReceiveData                      0x08002f84   Section        0  stm32f10x_usart.o(i.USART_ReceiveData)
    i.USART_SendData                         0x08002f8e   Section        0  stm32f10x_usart.o(i.USART_SendData)
    i.UsageFault_Handler                     0x08002f96   Section        0  stm32f10x_it.o(i.UsageFault_Handler)
    i.__ARM_fpclassify                       0x08002f9a   Section        0  fpclassify.o(i.__ARM_fpclassify)
    i._is_digit                              0x08002fc2   Section        0  __printf_wp.o(i._is_digit)
    i.main                                   0x08002fd0   Section        0  main.o(i.main)
    locale$$code                             0x080031a0   Section       44  lc_numeric_c.o(locale$$code)
    locale$$code                             0x080031cc   Section       44  lc_ctype_c.o(locale$$code)
    x$fpl$d2f                                0x080031f8   Section       98  d2f.o(x$fpl$d2f)
    x$fpl$dadd                               0x0800325c   Section      336  daddsub_clz.o(x$fpl$dadd)
    _dadd1                                   0x0800326d   Thumb Code     0  daddsub_clz.o(x$fpl$dadd)
    x$fpl$ddiv                               0x080033ac   Section      688  ddiv.o(x$fpl$ddiv)
    ddiv_entry                               0x080033b3   Thumb Code     0  ddiv.o(x$fpl$ddiv)
    x$fpl$dfltu                              0x0800365c   Section       38  dflt_clz.o(x$fpl$dfltu)
    x$fpl$dmul                               0x08003684   Section      340  dmul.o(x$fpl$dmul)
    x$fpl$dnaninf                            0x080037d8   Section      156  dnaninf.o(x$fpl$dnaninf)
    x$fpl$dretinf                            0x08003874   Section       12  dretinf.o(x$fpl$dretinf)
    x$fpl$dsub                               0x08003880   Section      468  daddsub_clz.o(x$fpl$dsub)
    _dsub1                                   0x08003891   Thumb Code     0  daddsub_clz.o(x$fpl$dsub)
    x$fpl$f2d                                0x08003a54   Section       86  f2d.o(x$fpl$f2d)
    x$fpl$ffix                               0x08003aac   Section       54  ffix.o(x$fpl$ffix)
    x$fpl$ffixu                              0x08003ae4   Section       62  ffixu.o(x$fpl$ffixu)
    x$fpl$fmul                               0x08003b24   Section      258  fmul.o(x$fpl$fmul)
    x$fpl$fnaninf                            0x08003c26   Section      140  fnaninf.o(x$fpl$fnaninf)
    x$fpl$fretinf                            0x08003cb2   Section       10  fretinf.o(x$fpl$fretinf)
    x$fpl$printf1                            0x08003cbc   Section        4  printf1.o(x$fpl$printf1)
    x$fpl$printf2                            0x08003cc0   Section        4  printf2.o(x$fpl$printf2)
    .constdata                               0x08003cc4   Section     1520  oled.o(.constdata)
    x$fpl$usenofp                            0x08003cc4   Section        0  usenofp.o(x$fpl$usenofp)
    .constdata                               0x080042b4   Section        8  _printf_wctomb.o(.constdata)
    initial_mbstate                          0x080042b4   Data           8  _printf_wctomb.o(.constdata)
    .constdata                               0x080042bc   Section       40  _printf_hex_int_ll_ptr.o(.constdata)
    uc_hextab                                0x080042bc   Data          20  _printf_hex_int_ll_ptr.o(.constdata)
    lc_hextab                                0x080042d0   Data          20  _printf_hex_int_ll_ptr.o(.constdata)
    .constdata                               0x080042e4   Section       17  __printf_flags_ss_wp.o(.constdata)
    maptable                                 0x080042e4   Data          17  __printf_flags_ss_wp.o(.constdata)
    .constdata                               0x080042f5   Section       38  _printf_fp_hex.o(.constdata)
    lc_hextab                                0x080042f5   Data          19  _printf_fp_hex.o(.constdata)
    uc_hextab                                0x08004308   Data          19  _printf_fp_hex.o(.constdata)
    .constdata                               0x0800431c   Section      148  bigflt0.o(.constdata)
    tenpwrs_x                                0x0800431c   Data          60  bigflt0.o(.constdata)
    tenpwrs_i                                0x08004358   Data          64  bigflt0.o(.constdata)
    .conststring                             0x080043b0   Section      598  esp8266.o(.conststring)
    locale$$data                             0x08004628   Section       28  lc_numeric_c.o(locale$$data)
    __lcnum_c_name                           0x0800462c   Data           2  lc_numeric_c.o(locale$$data)
    __lcnum_c_start                          0x08004634   Data           0  lc_numeric_c.o(locale$$data)
    __lcnum_c_point                          0x08004640   Data           0  lc_numeric_c.o(locale$$data)
    __lcnum_c_thousands                      0x08004642   Data           0  lc_numeric_c.o(locale$$data)
    __lcnum_c_grouping                       0x08004643   Data           0  lc_numeric_c.o(locale$$data)
    locale$$data                             0x08004644   Section      272  lc_ctype_c.o(locale$$data)
    __lcnum_c_end                            0x08004644   Data           0  lc_numeric_c.o(locale$$data)
    __lcctype_c_name                         0x08004648   Data           2  lc_ctype_c.o(locale$$data)
    __lcctype_c_start                        0x08004650   Data           0  lc_ctype_c.o(locale$$data)
    __lcctype_c_end                          0x08004754   Data           0  lc_ctype_c.o(locale$$data)
    .data                                    0x20000000   Section       20  stm32f10x_rcc.o(.data)
    APBAHBPrescTable                         0x20000000   Data          16  stm32f10x_rcc.o(.data)
    ADCPrescTable                            0x20000010   Data           4  stm32f10x_rcc.o(.data)
    .data                                    0x20000014   Section        4  dht11.o(.data)
    .data                                    0x20000018   Section        2  gy30.o(.data)
    .data                                    0x2000001a   Section        2  mq135.o(.data)
    .bss                                     0x2000001c   Section       32  myadc.o(.bss)
    .bss                                     0x2000003c   Section     1028  usart1.o(.bss)
    .bss                                     0x20000440   Section       96  libspace.o(.bss)
    HEAP                                     0x200004a0   Section      512  startup_stm32f10x_md.o(HEAP)
    Heap_Mem                                 0x200004a0   Data         512  startup_stm32f10x_md.o(HEAP)
    STACK                                    0x200006a0   Section     1024  startup_stm32f10x_md.o(STACK)
    Stack_Mem                                0x200006a0   Data        1024  startup_stm32f10x_md.o(STACK)
    __initial_sp                             0x20000aa0   Data           0  startup_stm32f10x_md.o(STACK)

    Global Symbols

    Symbol Name                              Value     Ov Type        Size  Object(Section)

    BuildAttributes$$THM_ISAv4$P$D$K$B$S$PE$A:L22UL41UL21$X:L11$S22US41US21$IEEE1$IW$USESV6$~STKCKD$USESV7$~SHL$OTIME$ROPI$IEEEJ$EBA8$UX$STANDARDLIB$REQ8$PRES8$EABIv2 0x00000000   Number         0  anon$$obj.o ABSOLUTE
    __ARM_use_no_argv                        0x00000000   Number         0  main.o ABSOLUTE
    _printf_flags                            0x00000000   Number         0  printf_stubs.o ABSOLUTE
    _printf_return_value                     0x00000000   Number         0  printf_stubs.o ABSOLUTE
    _printf_sizespec                         0x00000000   Number         0  printf_stubs.o ABSOLUTE
    _printf_widthprec                        0x00000000   Number         0  printf_stubs.o ABSOLUTE
    __ARM_exceptions_init                     - Undefined Weak Reference
    __alloca_initialize                       - Undefined Weak Reference
    __arm_preinit_                            - Undefined Weak Reference
    __cpp_initialize__aeabi_                  - Undefined Weak Reference
    __cxa_finalize                            - Undefined Weak Reference
    __sigvec_lookup                           - Undefined Weak Reference
    _atexit_init                              - Undefined Weak Reference
    _call_atexit_fns                          - Undefined Weak Reference
    _clock_init                               - Undefined Weak Reference
    _fp_trap_init                             - Undefined Weak Reference
    _fp_trap_shutdown                         - Undefined Weak Reference
    _get_lc_collate                           - Undefined Weak Reference
    _get_lc_monetary                          - Undefined Weak Reference
    _get_lc_time                              - Undefined Weak Reference
    _getenv_init                              - Undefined Weak Reference
    _handle_redirection                       - Undefined Weak Reference
    _init_alloc                               - Undefined Weak Reference
    _init_user_alloc                          - Undefined Weak Reference
    _initio                                   - Undefined Weak Reference
    _printf_mbtowc                            - Undefined Weak Reference
    _printf_wc                                - Undefined Weak Reference
    _rand_init                                - Undefined Weak Reference
    _signal_finish                            - Undefined Weak Reference
    _signal_init                              - Undefined Weak Reference
    _terminate_alloc                          - Undefined Weak Reference
    _terminate_user_alloc                     - Undefined Weak Reference
    _terminateio                              - Undefined Weak Reference
    __Vectors_Size                           0x000000ec   Number         0  startup_stm32f10x_md.o ABSOLUTE
    __Vectors                                0x08000000   Data           4  startup_stm32f10x_md.o(RESET)
    __Vectors_End                            0x080000ec   Data           0  startup_stm32f10x_md.o(RESET)
    __main                                   0x080000ed   Thumb Code     8  __main.o(!!!main)
    __scatterload                            0x080000f5   Thumb Code     0  __scatter.o(!!!scatter)
    __scatterload_rt2                        0x080000f5   Thumb Code    44  __scatter.o(!!!scatter)
    __scatterload_rt2_thumb_only             0x080000f5   Thumb Code     0  __scatter.o(!!!scatter)
    __scatterload_null                       0x08000103   Thumb Code     0  __scatter.o(!!!scatter)
    __scatterload_copy                       0x08000129   Thumb Code    26  __scatter_copy.o(!!handler_copy)
    __scatterload_zeroinit                   0x08000145   Thumb Code    28  __scatter_zi.o(!!handler_zi)
    _printf_n                                0x08000161   Thumb Code     0  _printf_n.o(.ARM.Collect$$_printf_percent$$00000001)
    _printf_percent                          0x08000161   Thumb Code     0  _printf_percent.o(.ARM.Collect$$_printf_percent$$00000000)
    _printf_p                                0x08000167   Thumb Code     0  _printf_p.o(.ARM.Collect$$_printf_percent$$00000002)
    _printf_f                                0x0800016d   Thumb Code     0  _printf_f.o(.ARM.Collect$$_printf_percent$$00000003)
    _printf_e                                0x08000173   Thumb Code     0  _printf_e.o(.ARM.Collect$$_printf_percent$$00000004)
    _printf_g                                0x08000179   Thumb Code     0  _printf_g.o(.ARM.Collect$$_printf_percent$$00000005)
    _printf_a                                0x0800017f   Thumb Code     0  _printf_a.o(.ARM.Collect$$_printf_percent$$00000006)
    _printf_ll                               0x08000185   Thumb Code     0  _printf_ll.o(.ARM.Collect$$_printf_percent$$00000007)
    _printf_i                                0x0800018f   Thumb Code     0  _printf_i.o(.ARM.Collect$$_printf_percent$$00000008)
    _printf_d                                0x08000195   Thumb Code     0  _printf_d.o(.ARM.Collect$$_printf_percent$$00000009)
    _printf_u                                0x0800019b   Thumb Code     0  _printf_u.o(.ARM.Collect$$_printf_percent$$0000000A)
    _printf_o                                0x080001a1   Thumb Code     0  _printf_o.o(.ARM.Collect$$_printf_percent$$0000000B)
    _printf_x                                0x080001a7   Thumb Code     0  _printf_x.o(.ARM.Collect$$_printf_percent$$0000000C)
    _printf_lli                              0x080001ad   Thumb Code     0  _printf_lli.o(.ARM.Collect$$_printf_percent$$0000000D)
    _printf_lld                              0x080001b3   Thumb Code     0  _printf_lld.o(.ARM.Collect$$_printf_percent$$0000000E)
    _printf_llu                              0x080001b9   Thumb Code     0  _printf_llu.o(.ARM.Collect$$_printf_percent$$0000000F)
    _printf_llo                              0x080001bf   Thumb Code     0  _printf_llo.o(.ARM.Collect$$_printf_percent$$00000010)
    _printf_llx                              0x080001c5   Thumb Code     0  _printf_llx.o(.ARM.Collect$$_printf_percent$$00000011)
    _printf_l                                0x080001cb   Thumb Code     0  _printf_l.o(.ARM.Collect$$_printf_percent$$00000012)
    _printf_c                                0x080001d5   Thumb Code     0  _printf_c.o(.ARM.Collect$$_printf_percent$$00000013)
    _printf_s                                0x080001db   Thumb Code     0  _printf_s.o(.ARM.Collect$$_printf_percent$$00000014)
    _printf_lc                               0x080001e1   Thumb Code     0  _printf_lc.o(.ARM.Collect$$_printf_percent$$00000015)
    _printf_ls                               0x080001e7   Thumb Code     0  _printf_ls.o(.ARM.Collect$$_printf_percent$$00000016)
    _printf_percent_end                      0x080001ed   Thumb Code     0  _printf_percent_end.o(.ARM.Collect$$_printf_percent$$00000017)
    __rt_lib_init                            0x080001f1   Thumb Code     0  libinit.o(.ARM.Collect$$libinit$$00000000)
    __rt_lib_init_fp_1                       0x080001f3   Thumb Code     0  libinit2.o(.ARM.Collect$$libinit$$00000002)
    __rt_lib_init_heap_1                     0x080001f3   Thumb Code     0  libinit2.o(.ARM.Collect$$libinit$$0000000A)
    __rt_lib_init_lc_common                  0x080001f3   Thumb Code     0  libinit2.o(.ARM.Collect$$libinit$$0000000F)
    __rt_lib_init_preinit_1                  0x080001f3   Thumb Code     0  libinit2.o(.ARM.Collect$$libinit$$00000004)
    __rt_lib_init_rand_1                     0x080001f3   Thumb Code     0  libinit2.o(.ARM.Collect$$libinit$$0000000E)
    __rt_lib_init_user_alloc_1               0x080001f3   Thumb Code     0  libinit2.o(.ARM.Collect$$libinit$$0000000C)
    __rt_lib_init_lc_collate_1               0x080001f9   Thumb Code     0  libinit2.o(.ARM.Collect$$libinit$$00000011)
    __rt_lib_init_lc_ctype_2                 0x080001f9   Thumb Code     0  libinit2.o(.ARM.Collect$$libinit$$00000012)
    __rt_lib_init_lc_ctype_1                 0x08000205   Thumb Code     0  libinit2.o(.ARM.Collect$$libinit$$00000013)
    __rt_lib_init_lc_monetary_1              0x08000205   Thumb Code     0  libinit2.o(.ARM.Collect$$libinit$$00000015)
    __rt_lib_init_lc_numeric_2               0x08000205   Thumb Code     0  libinit2.o(.ARM.Collect$$libinit$$00000016)
    __rt_lib_init_alloca_1                   0x0800020f   Thumb Code     0  libinit2.o(.ARM.Collect$$libinit$$0000002E)
    __rt_lib_init_argv_1                     0x0800020f   Thumb Code     0  libinit2.o(.ARM.Collect$$libinit$$0000002C)
    __rt_lib_init_atexit_1                   0x0800020f   Thumb Code     0  libinit2.o(.ARM.Collect$$libinit$$0000001B)
    __rt_lib_init_clock_1                    0x0800020f   Thumb Code     0  libinit2.o(.ARM.Collect$$libinit$$00000021)
    __rt_lib_init_cpp_1                      0x0800020f   Thumb Code     0  libinit2.o(.ARM.Collect$$libinit$$00000032)
    __rt_lib_init_exceptions_1               0x0800020f   Thumb Code     0  libinit2.o(.ARM.Collect$$libinit$$00000030)
    __rt_lib_init_fp_trap_1                  0x0800020f   Thumb Code     0  libinit2.o(.ARM.Collect$$libinit$$0000001F)
    __rt_lib_init_getenv_1                   0x0800020f   Thumb Code     0  libinit2.o(.ARM.Collect$$libinit$$00000023)
    __rt_lib_init_lc_numeric_1               0x0800020f   Thumb Code     0  libinit2.o(.ARM.Collect$$libinit$$00000017)
    __rt_lib_init_lc_time_1                  0x0800020f   Thumb Code     0  libinit2.o(.ARM.Collect$$libinit$$00000019)
    __rt_lib_init_return                     0x0800020f   Thumb Code     0  libinit2.o(.ARM.Collect$$libinit$$00000033)
    __rt_lib_init_signal_1                   0x0800020f   Thumb Code     0  libinit2.o(.ARM.Collect$$libinit$$0000001D)
    __rt_lib_init_stdio_1                    0x0800020f   Thumb Code     0  libinit2.o(.ARM.Collect$$libinit$$00000025)
    __rt_lib_shutdown                        0x08000211   Thumb Code     0  libshutdown.o(.ARM.Collect$$libshutdown$$00000000)
    __rt_lib_shutdown_cpp_1                  0x08000213   Thumb Code     0  libshutdown2.o(.ARM.Collect$$libshutdown$$00000002)
    __rt_lib_shutdown_fp_trap_1              0x08000213   Thumb Code     0  libshutdown2.o(.ARM.Collect$$libshutdown$$00000007)
    __rt_lib_shutdown_heap_1                 0x08000213   Thumb Code     0  libshutdown2.o(.ARM.Collect$$libshutdown$$0000000F)
    __rt_lib_shutdown_return                 0x08000213   Thumb Code     0  libshutdown2.o(.ARM.Collect$$libshutdown$$00000010)
    __rt_lib_shutdown_signal_1               0x08000213   Thumb Code     0  libshutdown2.o(.ARM.Collect$$libshutdown$$0000000A)
    __rt_lib_shutdown_stdio_1                0x08000213   Thumb Code     0  libshutdown2.o(.ARM.Collect$$libshutdown$$00000004)
    __rt_lib_shutdown_user_alloc_1           0x08000213   Thumb Code     0  libshutdown2.o(.ARM.Collect$$libshutdown$$0000000C)
    __rt_entry                               0x08000215   Thumb Code     0  __rtentry.o(.ARM.Collect$$rtentry$$00000000)
    __rt_entry_presh_1                       0x08000215   Thumb Code     0  __rtentry2.o(.ARM.Collect$$rtentry$$00000002)
    __rt_entry_sh                            0x08000215   Thumb Code     0  __rtentry4.o(.ARM.Collect$$rtentry$$00000004)
    __rt_entry_li                            0x0800021b   Thumb Code     0  __rtentry2.o(.ARM.Collect$$rtentry$$0000000A)
    __rt_entry_postsh_1                      0x0800021b   Thumb Code     0  __rtentry2.o(.ARM.Collect$$rtentry$$00000009)
    __rt_entry_main                          0x0800021f   Thumb Code     0  __rtentry2.o(.ARM.Collect$$rtentry$$0000000D)
    __rt_entry_postli_1                      0x0800021f   Thumb Code     0  __rtentry2.o(.ARM.Collect$$rtentry$$0000000C)
    __rt_exit                                0x08000227   Thumb Code     0  rtexit.o(.ARM.Collect$$rtexit$$00000000)
    __rt_exit_ls                             0x08000229   Thumb Code     0  rtexit2.o(.ARM.Collect$$rtexit$$00000003)
    __rt_exit_prels_1                        0x08000229   Thumb Code     0  rtexit2.o(.ARM.Collect$$rtexit$$00000002)
    __rt_exit_exit                           0x0800022d   Thumb Code     0  rtexit2.o(.ARM.Collect$$rtexit$$00000004)
    Reset_Handler                            0x08000235   Thumb Code     8  startup_stm32f10x_md.o(.text)
    ADC1_2_IRQHandler                        0x0800024f   Thumb Code     0  startup_stm32f10x_md.o(.text)
    CAN1_RX1_IRQHandler                      0x0800024f   Thumb Code     0  startup_stm32f10x_md.o(.text)
    CAN1_SCE_IRQHandler                      0x0800024f   Thumb Code     0  startup_stm32f10x_md.o(.text)
    DMA1_Channel1_IRQHandler                 0x0800024f   Thumb Code     0  startup_stm32f10x_md.o(.text)
    DMA1_Channel2_IRQHandler                 0x0800024f   Thumb Code     0  startup_stm32f10x_md.o(.text)
    DMA1_Channel3_IRQHandler                 0x0800024f   Thumb Code     0  startup_stm32f10x_md.o(.text)
    DMA1_Channel4_IRQHandler                 0x0800024f   Thumb Code     0  startup_stm32f10x_md.o(.text)
    DMA1_Channel5_IRQHandler                 0x0800024f   Thumb Code     0  startup_stm32f10x_md.o(.text)
    DMA1_Channel6_IRQHandler                 0x0800024f   Thumb Code     0  startup_stm32f10x_md.o(.text)
    DMA1_Channel7_IRQHandler                 0x0800024f   Thumb Code     0  startup_stm32f10x_md.o(.text)
    EXTI0_IRQHandler                         0x0800024f   Thumb Code     0  startup_stm32f10x_md.o(.text)
    EXTI15_10_IRQHandler                     0x0800024f   Thumb Code     0  startup_stm32f10x_md.o(.text)
    EXTI1_IRQHandler                         0x0800024f   Thumb Code     0  startup_stm32f10x_md.o(.text)
    EXTI2_IRQHandler                         0x0800024f   Thumb Code     0  startup_stm32f10x_md.o(.text)
    EXTI3_IRQHandler                         0x0800024f   Thumb Code     0  startup_stm32f10x_md.o(.text)
    EXTI4_IRQHandler                         0x0800024f   Thumb Code     0  startup_stm32f10x_md.o(.text)
    EXTI9_5_IRQHandler                       0x0800024f   Thumb Code     0  startup_stm32f10x_md.o(.text)
    FLASH_IRQHandler                         0x0800024f   Thumb Code     0  startup_stm32f10x_md.o(.text)
    I2C1_ER_IRQHandler                       0x0800024f   Thumb Code     0  startup_stm32f10x_md.o(.text)
    I2C1_EV_IRQHandler                       0x0800024f   Thumb Code     0  startup_stm32f10x_md.o(.text)
    I2C2_ER_IRQHandler                       0x0800024f   Thumb Code     0  startup_stm32f10x_md.o(.text)
    I2C2_EV_IRQHandler                       0x0800024f   Thumb Code     0  startup_stm32f10x_md.o(.text)
    PVD_IRQHandler                           0x0800024f   Thumb Code     0  startup_stm32f10x_md.o(.text)
    RCC_IRQHandler                           0x0800024f   Thumb Code     0  startup_stm32f10x_md.o(.text)
    RTCAlarm_IRQHandler                      0x0800024f   Thumb Code     0  startup_stm32f10x_md.o(.text)
    RTC_IRQHandler                           0x0800024f   Thumb Code     0  startup_stm32f10x_md.o(.text)
    SPI1_IRQHandler                          0x0800024f   Thumb Code     0  startup_stm32f10x_md.o(.text)
    SPI2_IRQHandler                          0x0800024f   Thumb Code     0  startup_stm32f10x_md.o(.text)
    TAMPER_IRQHandler                        0x0800024f   Thumb Code     0  startup_stm32f10x_md.o(.text)
    TIM1_BRK_IRQHandler                      0x0800024f   Thumb Code     0  startup_stm32f10x_md.o(.text)
    TIM1_CC_IRQHandler                       0x0800024f   Thumb Code     0  startup_stm32f10x_md.o(.text)
    TIM1_TRG_COM_IRQHandler                  0x0800024f   Thumb Code     0  startup_stm32f10x_md.o(.text)
    TIM1_UP_IRQHandler                       0x0800024f   Thumb Code     0  startup_stm32f10x_md.o(.text)
    TIM2_IRQHandler                          0x0800024f   Thumb Code     0  startup_stm32f10x_md.o(.text)
    TIM3_IRQHandler                          0x0800024f   Thumb Code     0  startup_stm32f10x_md.o(.text)
    TIM4_IRQHandler                          0x0800024f   Thumb Code     0  startup_stm32f10x_md.o(.text)
    USART2_IRQHandler                        0x0800024f   Thumb Code     0  startup_stm32f10x_md.o(.text)
    USART3_IRQHandler                        0x0800024f   Thumb Code     0  startup_stm32f10x_md.o(.text)
    USBWakeUp_IRQHandler                     0x0800024f   Thumb Code     0  startup_stm32f10x_md.o(.text)
    USB_HP_CAN1_TX_IRQHandler                0x0800024f   Thumb Code     0  startup_stm32f10x_md.o(.text)
    USB_LP_CAN1_RX0_IRQHandler               0x0800024f   Thumb Code     0  startup_stm32f10x_md.o(.text)
    WWDG_IRQHandler                          0x0800024f   Thumb Code     0  startup_stm32f10x_md.o(.text)
    __user_initial_stackheap                 0x08000251   Thumb Code     0  startup_stm32f10x_md.o(.text)
    vsprintf                                 0x08000275   Thumb Code    32  vsprintf.o(.text)
    strstr                                   0x08000299   Thumb Code    36  strstr.o(.text)
    __aeabi_memclr4                          0x080002bd   Thumb Code     0  rt_memclr_w.o(.text)
    __aeabi_memclr8                          0x080002bd   Thumb Code     0  rt_memclr_w.o(.text)
    __rt_memclr_w                            0x080002bd   Thumb Code    78  rt_memclr_w.o(.text)
    _memset_w                                0x080002c1   Thumb Code     0  rt_memclr_w.o(.text)
    __use_two_region_memory                  0x0800030b   Thumb Code     2  heapauxi.o(.text)
    __rt_heap_escrow$2region                 0x0800030d   Thumb Code     2  heapauxi.o(.text)
    __rt_heap_expand$2region                 0x0800030f   Thumb Code     2  heapauxi.o(.text)
    _printf_pre_padding                      0x08000311   Thumb Code    44  _printf_pad.o(.text)
    _printf_post_padding                     0x0800033d   Thumb Code    34  _printf_pad.o(.text)
    _printf_truncate_signed                  0x0800035f   Thumb Code    18  _printf_truncate.o(.text)
    _printf_truncate_unsigned                0x08000371   Thumb Code    18  _printf_truncate.o(.text)
    _printf_str                              0x08000383   Thumb Code    82  _printf_str.o(.text)
    _printf_int_dec                          0x080003d5   Thumb Code   104  _printf_dec.o(.text)
    _printf_charcount                        0x0800044d   Thumb Code    40  _printf_charcount.o(.text)
    _printf_char_common                      0x0800047f   Thumb Code    32  _printf_char_common.o(.text)
    _sputc                                   0x080004a5   Thumb Code    10  _sputc.o(.text)
    _printf_wctomb                           0x080004b1   Thumb Code   182  _printf_wctomb.o(.text)
    _printf_longlong_dec                     0x0800056d   Thumb Code   108  _printf_longlong_dec.o(.text)
    _printf_longlong_oct                     0x080005e9   Thumb Code    66  _printf_oct_int_ll.o(.text)
    _printf_int_oct                          0x0800062b   Thumb Code    24  _printf_oct_int_ll.o(.text)
    _printf_ll_oct                           0x08000643   Thumb Code    12  _printf_oct_int_ll.o(.text)
    _printf_longlong_hex                     0x08000659   Thumb Code    86  _printf_hex_int_ll_ptr.o(.text)
    _printf_int_hex                          0x080006af   Thumb Code    28  _printf_hex_int_ll_ptr.o(.text)
    _printf_ll_hex                           0x080006cb   Thumb Code    12  _printf_hex_int_ll_ptr.o(.text)
    _printf_hex_ptr                          0x080006d7   Thumb Code    18  _printf_hex_int_ll_ptr.o(.text)
    __printf                                 0x080006ed   Thumb Code   388  __printf_flags_ss_wp.o(.text)
    _ll_udiv10                               0x08000875   Thumb Code   138  lludiv10.o(.text)
    _printf_int_common                       0x080008ff   Thumb Code   178  _printf_intcommon.o(.text)
    __lib_sel_fp_printf                      0x080009b1   Thumb Code     2  _printf_fp_dec.o(.text)
    _printf_fp_dec_real                      0x08000b63   Thumb Code   620  _printf_fp_dec.o(.text)
    _printf_fp_hex_real                      0x08000dd1   Thumb Code   756  _printf_fp_hex.o(.text)
    _printf_cs_common                        0x080010cd   Thumb Code    20  _printf_char.o(.text)
    _printf_char                             0x080010e1   Thumb Code    16  _printf_char.o(.text)
    _printf_string                           0x080010f1   Thumb Code     8  _printf_char.o(.text)
    _printf_lcs_common                       0x080010f9   Thumb Code    20  _printf_wchar.o(.text)
    _printf_wchar                            0x0800110d   Thumb Code    16  _printf_wchar.o(.text)
    _printf_wstring                          0x0800111d   Thumb Code     8  _printf_wchar.o(.text)
    _wcrtomb                                 0x08001125   Thumb Code    64  _wcrtomb.o(.text)
    __user_setup_stackheap                   0x08001165   Thumb Code    74  sys_stackheap_outer.o(.text)
    __rt_ctype_table                         0x080011b1   Thumb Code    16  rt_ctype_table.o(.text)
    __rt_locale                              0x080011c1   Thumb Code     8  rt_locale_intlibspace.o(.text)
    _printf_fp_infnan                        0x080011c9   Thumb Code   112  _printf_fp_infnan.o(.text)
    _btod_etento                             0x08001249   Thumb Code   224  bigflt0.o(.text)
    exit                                     0x0800132d   Thumb Code    18  exit.o(.text)
    __user_libspace                          0x08001341   Thumb Code     8  libspace.o(.text)
    __user_perproc_libspace                  0x08001341   Thumb Code     0  libspace.o(.text)
    __user_perthread_libspace                0x08001341   Thumb Code     0  libspace.o(.text)
    strcmp                                   0x08001349   Thumb Code   128  strcmpv7m.o(.text)
    _sys_exit                                0x080013c9   Thumb Code     8  sys_exit.o(.text)
    __I$use$semihosting                      0x080013d5   Thumb Code     0  use_no_semi.o(.text)
    __use_no_semihosting_swi                 0x080013d5   Thumb Code     2  use_no_semi.o(.text)
    __semihosting_library_function           0x080013d7   Thumb Code     0  indicate_semi.o(.text)
    _btod_d2e                                0x080013d7   Thumb Code    62  btod.o(CL$$btod_d2e)
    _d2e_denorm_low                          0x08001415   Thumb Code    70  btod.o(CL$$btod_d2e_denorm_low)
    _d2e_norm_op1                            0x0800145b   Thumb Code    96  btod.o(CL$$btod_d2e_norm_op1)
    __btod_div_common                        0x080014bb   Thumb Code   696  btod.o(CL$$btod_div_common)
    _e2e                                     0x080017f3   Thumb Code   220  btod.o(CL$$btod_e2e)
    _btod_ediv                               0x080018cf   Thumb Code    42  btod.o(CL$$btod_ediv)
    _btod_emul                               0x080018f9   Thumb Code    42  btod.o(CL$$btod_emul)
    __btod_mult_common                       0x08001923   Thumb Code   580  btod.o(CL$$btod_mult_common)
    ADC_Cmd                                  0x08001b67   Thumb Code    22  stm32f10x_adc.o(i.ADC_Cmd)
    ADC_DMACmd                               0x08001b7d   Thumb Code    22  stm32f10x_adc.o(i.ADC_DMACmd)
    ADC_GetCalibrationStatus                 0x08001b93   Thumb Code    20  stm32f10x_adc.o(i.ADC_GetCalibrationStatus)
    ADC_GetResetCalibrationStatus            0x08001ba7   Thumb Code    20  stm32f10x_adc.o(i.ADC_GetResetCalibrationStatus)
    ADC_Init                                 0x08001bbd   Thumb Code    70  stm32f10x_adc.o(i.ADC_Init)
    ADC_RegularChannelConfig                 0x08001c0d   Thumb Code   184  stm32f10x_adc.o(i.ADC_RegularChannelConfig)
    ADC_ResetCalibration                     0x08001cc5   Thumb Code    10  stm32f10x_adc.o(i.ADC_ResetCalibration)
    ADC_SoftwareStartConvCmd                 0x08001ccf   Thumb Code    22  stm32f10x_adc.o(i.ADC_SoftwareStartConvCmd)
    ADC_StartCalibration                     0x08001ce5   Thumb Code    10  stm32f10x_adc.o(i.ADC_StartCalibration)
    BusFault_Handler                         0x08001cef   Thumb Code     4  stm32f10x_it.o(i.BusFault_Handler)
    Buzzer_Init                              0x08001cf5   Thumb Code    48  buzzer.o(i.Buzzer_Init)
    Buzzer_Reminder                          0x08001d29   Thumb Code    40  buzzer.o(i.Buzzer_Reminder)
    DHT11_Collect                            0x08001d55   Thumb Code    54  dht11.o(i.DHT11_Collect)
    DHT11_Init                               0x08001d91   Thumb Code     2  dht11.o(i.DHT11_Init)
    DHT11_InputMode                          0x08001d95   Thumb Code    38  dht11.o(i.DHT11_InputMode)
    DHT11_OutputMode                         0x08001dc1   Thumb Code    38  dht11.o(i.DHT11_OutputMode)
    DHT11_RecvByte                           0x08001ded   Thumb Code    66  dht11.o(i.DHT11_RecvByte)
    DHT11_RecvData                           0x08001e35   Thumb Code   100  dht11.o(i.DHT11_RecvData)
    DMA_Cmd                                  0x08001ea1   Thumb Code    24  stm32f10x_dma.o(i.DMA_Cmd)
    DMA_Init                                 0x08001eb9   Thumb Code    60  stm32f10x_dma.o(i.DMA_Init)
    DebugMon_Handler                         0x08001ef5   Thumb Code     2  stm32f10x_it.o(i.DebugMon_Handler)
    Delay_ms                                 0x08001ef7   Thumb Code    24  delay.o(i.Delay_ms)
    Delay_us                                 0x08001f0f   Thumb Code    46  delay.o(i.Delay_us)
    ESP8266_Init                             0x08001f3d   Thumb Code   200  esp8266.o(i.ESP8266_Init)
    ESP8266_SendCmd                          0x08002085   Thumb Code    54  esp8266.o(i.ESP8266_SendCmd)
    ESP8266_SendData                         0x080020c1   Thumb Code    88  esp8266.o(i.ESP8266_SendData)
    GPIO_Init                                0x08002125   Thumb Code   278  stm32f10x_gpio.o(i.GPIO_Init)
    GPIO_ReadInputDataBit                    0x0800223b   Thumb Code    18  stm32f10x_gpio.o(i.GPIO_ReadInputDataBit)
    GPIO_ResetBits                           0x0800224d   Thumb Code     4  stm32f10x_gpio.o(i.GPIO_ResetBits)
    GPIO_SetBits                             0x08002251   Thumb Code     4  stm32f10x_gpio.o(i.GPIO_SetBits)
    GPIO_WriteBit                            0x08002255   Thumb Code    10  stm32f10x_gpio.o(i.GPIO_WriteBit)
    GY30_Init                                0x0800225f   Thumb Code    64  gy30.o(i.GY30_Init)
    GY30_RecvData                            0x080022a1   Thumb Code    66  gy30.o(i.GY30_RecvData)
    HardFault_Handler                        0x080022e9   Thumb Code     4  stm32f10x_it.o(i.HardFault_Handler)
    LED_Close                                0x080022ed   Thumb Code    52  led.o(i.LED_Close)
    LED_Init                                 0x08002325   Thumb Code    52  led.o(i.LED_Init)
    LED_Open                                 0x0800235d   Thumb Code    54  led.o(i.LED_Open)
    MQ135_Init                               0x08002399   Thumb Code     8  mq135.o(i.MQ135_Init)
    MQ135_RecvData                           0x080023a1   Thumb Code    10  mq135.o(i.MQ135_RecvData)
    MemManage_Handler                        0x080023b5   Thumb Code     4  stm32f10x_it.o(i.MemManage_Handler)
    MyADC_Init                               0x080023b9   Thumb Code   242  myadc.o(i.MyADC_Init)
    MyI2C_Init                               0x080024bd   Thumb Code    46  myi2c.o(i.MyI2C_Init)
    MyI2C_RecvAck                            0x080024f1   Thumb Code    30  myi2c.o(i.MyI2C_RecvAck)
    MyI2C_RecvByte                           0x0800250f   Thumb Code    50  myi2c.o(i.MyI2C_RecvByte)
    MyI2C_SCL_W                              0x08002541   Thumb Code    22  myi2c.o(i.MyI2C_SCL_W)
    MyI2C_SDA_R                              0x0800255d   Thumb Code    22  myi2c.o(i.MyI2C_SDA_R)
    MyI2C_SDA_W                              0x08002579   Thumb Code    22  myi2c.o(i.MyI2C_SDA_W)
    MyI2C_SendAck                            0x08002595   Thumb Code    24  myi2c.o(i.MyI2C_SendAck)
    MyI2C_SendByte                           0x080025ad   Thumb Code    42  myi2c.o(i.MyI2C_SendByte)
    MyI2C_Start                              0x080025d7   Thumb Code    28  myi2c.o(i.MyI2C_Start)
    MyI2C_Stop                               0x080025f3   Thumb Code    22  myi2c.o(i.MyI2C_Stop)
    NMI_Handler                              0x08002609   Thumb Code     2  stm32f10x_it.o(i.NMI_Handler)
    NVIC_Init                                0x0800260d   Thumb Code   100  misc.o(i.NVIC_Init)
    NVIC_PriorityGroupConfig                 0x0800267d   Thumb Code    10  misc.o(i.NVIC_PriorityGroupConfig)
    OLED_Clear                               0x08002691   Thumb Code    42  oled.o(i.OLED_Clear)
    OLED_I2C_Init                            0x080026bd   Thumb Code    58  oled.o(i.OLED_I2C_Init)
    OLED_I2C_SendByte                        0x080026fd   Thumb Code    80  oled.o(i.OLED_I2C_SendByte)
    OLED_I2C_Start                           0x08002751   Thumb Code    48  oled.o(i.OLED_I2C_Start)
    OLED_I2C_Stop                            0x08002785   Thumb Code    36  oled.o(i.OLED_I2C_Stop)
    OLED_Init                                0x080027ad   Thumb Code   174  oled.o(i.OLED_Init)
    OLED_Pow                                 0x0800285b   Thumb Code    20  oled.o(i.OLED_Pow)
    OLED_SetCursor                           0x0800286f   Thumb Code    34  oled.o(i.OLED_SetCursor)
    OLED_ShowChar                            0x08002891   Thumb Code   110  oled.o(i.OLED_ShowChar)
    OLED_ShowNum                             0x08002905   Thumb Code    68  oled.o(i.OLED_ShowNum)
    OLED_ShowString                          0x08002949   Thumb Code    40  oled.o(i.OLED_ShowString)
    OLED_WriteCommand                        0x08002971   Thumb Code    32  oled.o(i.OLED_WriteCommand)
    OLED_WriteData                           0x08002991   Thumb Code    32  oled.o(i.OLED_WriteData)
    PendSV_Handler                           0x080029b1   Thumb Code     2  stm32f10x_it.o(i.PendSV_Handler)
    RCC_ADCCLKConfig                         0x080029b5   Thumb Code    18  stm32f10x_rcc.o(i.RCC_ADCCLKConfig)
    RCC_AHBPeriphClockCmd                    0x080029cd   Thumb Code    26  stm32f10x_rcc.o(i.RCC_AHBPeriphClockCmd)
    RCC_APB2PeriphClockCmd                   0x080029ed   Thumb Code    26  stm32f10x_rcc.o(i.RCC_APB2PeriphClockCmd)
    RCC_GetClocksFreq                        0x08002a0d   Thumb Code   192  stm32f10x_rcc.o(i.RCC_GetClocksFreq)
    SVC_Handler                              0x08002ae1   Thumb Code     2  stm32f10x_it.o(i.SVC_Handler)
    SysTick_Handler                          0x08002bcd   Thumb Code     2  stm32f10x_it.o(i.SysTick_Handler)
    SystemInit                               0x08002bd1   Thumb Code    78  system_stm32f10x.o(i.SystemInit)
    USART1_Clear                             0x08002c31   Thumb Code    22  usart1.o(i.USART1_Clear)
    USART1_IRQHandler                        0x08002c4d   Thumb Code    76  usart1.o(i.USART1_IRQHandler)
    USART1_Init                              0x08002ca1   Thumb Code   174  usart1.o(i.USART1_Init)
    USART1_Printf                            0x08002d59   Thumb Code    44  usart1.o(i.USART1_Printf)
    USART1_SendByte                          0x08002d85   Thumb Code    28  usart1.o(i.USART1_SendByte)
    USART1_SendString                        0x08002da5   Thumb Code    26  usart1.o(i.USART1_SendString)
    USART_ClearITPendingBit                  0x08002dbf   Thumb Code    30  stm32f10x_usart.o(i.USART_ClearITPendingBit)
    USART_Cmd                                0x08002ddd   Thumb Code    24  stm32f10x_usart.o(i.USART_Cmd)
    USART_GetFlagStatus                      0x08002df5   Thumb Code    26  stm32f10x_usart.o(i.USART_GetFlagStatus)
    USART_GetITStatus                        0x08002e0f   Thumb Code    84  stm32f10x_usart.o(i.USART_GetITStatus)
    USART_ITConfig                           0x08002e63   Thumb Code    74  stm32f10x_usart.o(i.USART_ITConfig)
    USART_Init                               0x08002ead   Thumb Code   210  stm32f10x_usart.o(i.USART_Init)
    USART_ReceiveData                        0x08002f85   Thumb Code    10  stm32f10x_usart.o(i.USART_ReceiveData)
    USART_SendData                           0x08002f8f   Thumb Code     8  stm32f10x_usart.o(i.USART_SendData)
    UsageFault_Handler                       0x08002f97   Thumb Code     4  stm32f10x_it.o(i.UsageFault_Handler)
    __ARM_fpclassify                         0x08002f9b   Thumb Code    40  fpclassify.o(i.__ARM_fpclassify)
    _is_digit                                0x08002fc3   Thumb Code    14  __printf_wp.o(i._is_digit)
    main                                     0x08002fd1   Thumb Code   368  main.o(i.main)
    _get_lc_numeric                          0x080031a1   Thumb Code    44  lc_numeric_c.o(locale$$code)
    _get_lc_ctype                            0x080031cd   Thumb Code    44  lc_ctype_c.o(locale$$code)
    __aeabi_d2f                              0x080031f9   Thumb Code     0  d2f.o(x$fpl$d2f)
    _d2f                                     0x080031f9   Thumb Code    98  d2f.o(x$fpl$d2f)
    __aeabi_dadd                             0x0800325d   Thumb Code     0  daddsub_clz.o(x$fpl$dadd)
    _dadd                                    0x0800325d   Thumb Code   332  daddsub_clz.o(x$fpl$dadd)
    __aeabi_ddiv                             0x080033ad   Thumb Code     0  ddiv.o(x$fpl$ddiv)
    _ddiv                                    0x080033ad   Thumb Code   552  ddiv.o(x$fpl$ddiv)
    __aeabi_ui2d                             0x0800365d   Thumb Code     0  dflt_clz.o(x$fpl$dfltu)
    _dfltu                                   0x0800365d   Thumb Code    38  dflt_clz.o(x$fpl$dfltu)
    __aeabi_dmul                             0x08003685   Thumb Code     0  dmul.o(x$fpl$dmul)
    _dmul                                    0x08003685   Thumb Code   332  dmul.o(x$fpl$dmul)
    __fpl_dnaninf                            0x080037d9   Thumb Code   156  dnaninf.o(x$fpl$dnaninf)
    __fpl_dretinf                            0x08003875   Thumb Code    12  dretinf.o(x$fpl$dretinf)
    __aeabi_dsub                             0x08003881   Thumb Code     0  daddsub_clz.o(x$fpl$dsub)
    _dsub                                    0x08003881   Thumb Code   464  daddsub_clz.o(x$fpl$dsub)
    __aeabi_f2d                              0x08003a55   Thumb Code     0  f2d.o(x$fpl$f2d)
    _f2d                                     0x08003a55   Thumb Code    86  f2d.o(x$fpl$f2d)
    __aeabi_f2iz                             0x08003aad   Thumb Code     0  ffix.o(x$fpl$ffix)
    _ffix                                    0x08003aad   Thumb Code    54  ffix.o(x$fpl$ffix)
    __aeabi_f2uiz                            0x08003ae5   Thumb Code     0  ffixu.o(x$fpl$ffixu)
    _ffixu                                   0x08003ae5   Thumb Code    62  ffixu.o(x$fpl$ffixu)
    __aeabi_fmul                             0x08003b25   Thumb Code     0  fmul.o(x$fpl$fmul)
    _fmul                                    0x08003b25   Thumb Code   258  fmul.o(x$fpl$fmul)
    __fpl_fnaninf                            0x08003c27   Thumb Code   140  fnaninf.o(x$fpl$fnaninf)
    __fpl_fretinf                            0x08003cb3   Thumb Code    10  fretinf.o(x$fpl$fretinf)
    _printf_fp_dec                           0x08003cbd   Thumb Code     4  printf1.o(x$fpl$printf1)
    _printf_fp_hex                           0x08003cc1   Thumb Code     4  printf2.o(x$fpl$printf2)
    OLED_F8x16                               0x08003cc4   Data        1520  oled.o(.constdata)
    __I$use$fp                               0x08003cc4   Number         0  usenofp.o(x$fpl$usenofp)
    Region$$Table$$Base                      0x08004608   Number         0  anon$$obj.o(Region$$Table)
    Region$$Table$$Limit                     0x08004628   Number         0  anon$$obj.o(Region$$Table)
    __ctype                                  0x08004651   Data           0  lc_ctype_c.o(locale$$data)
    DHT11_data                               0x20000014   Data           4  dht11.o(.data)
    GY30_data                                0x20000018   Data           2  gy30.o(.data)
    MQ_data                                  0x2000001a   Data           2  mq135.o(.data)
    MyADC_data                               0x2000001c   Data          32  myadc.o(.bss)
    usart1_data                              0x2000003c   Data        1028  usart1.o(.bss)
    __libspace_start                         0x20000440   Data          96  libspace.o(.bss)
    __temporary_stack_top$libspace           0x200004a0   Data           0  libspace.o(.bss)



==============================================================================

Memory Map of the image

  Image Entry point : 0x080000ed

  Load Region LR_IROM1 (Base: 0x08000000, Size: 0x00004770, Max: 0x00010000, ABSOLUTE)

    Execution Region ER_IROM1 (Exec base: 0x08000000, Load base: 0x08000000, Size: 0x00004754, Max: 0x00010000, ABSOLUTE)

    Exec Addr    Load Addr    Size         Type   Attr      Idx    E Section Name        Object

    0x08000000   0x08000000   0x000000ec   Data   RO            3    RESET               startup_stm32f10x_md.o
    0x080000ec   0x080000ec   0x00000008   Code   RO         3975  * !!!main             c_w.l(__main.o)
    0x080000f4   0x080000f4   0x00000034   Code   RO         4336    !!!scatter          c_w.l(__scatter.o)
    0x08000128   0x08000128   0x0000001a   Code   RO         4338    !!handler_copy      c_w.l(__scatter_copy.o)
    0x08000142   0x08000142   0x00000002   PAD
    0x08000144   0x08000144   0x0000001c   Code   RO         4340    !!handler_zi        c_w.l(__scatter_zi.o)
    0x08000160   0x08000160   0x00000000   Code   RO         4091    .ARM.Collect$$_printf_percent$$00000000  c_w.l(_printf_percent.o)
    0x08000160   0x08000160   0x00000006   Code   RO         4080    .ARM.Collect$$_printf_percent$$00000001  c_w.l(_printf_n.o)
    0x08000166   0x08000166   0x00000006   Code   RO         4082    .ARM.Collect$$_printf_percent$$00000002  c_w.l(_printf_p.o)
    0x0800016c   0x0800016c   0x00000006   Code   RO         4087    .ARM.Collect$$_printf_percent$$00000003  c_w.l(_printf_f.o)
    0x08000172   0x08000172   0x00000006   Code   RO         4088    .ARM.Collect$$_printf_percent$$00000004  c_w.l(_printf_e.o)
    0x08000178   0x08000178   0x00000006   Code   RO         4089    .ARM.Collect$$_printf_percent$$00000005  c_w.l(_printf_g.o)
    0x0800017e   0x0800017e   0x00000006   Code   RO         4090    .ARM.Collect$$_printf_percent$$00000006  c_w.l(_printf_a.o)
    0x08000184   0x08000184   0x0000000a   Code   RO         4095    .ARM.Collect$$_printf_percent$$00000007  c_w.l(_printf_ll.o)
    0x0800018e   0x0800018e   0x00000006   Code   RO         4084    .ARM.Collect$$_printf_percent$$00000008  c_w.l(_printf_i.o)
    0x08000194   0x08000194   0x00000006   Code   RO         4085    .ARM.Collect$$_printf_percent$$00000009  c_w.l(_printf_d.o)
    0x0800019a   0x0800019a   0x00000006   Code   RO         4086    .ARM.Collect$$_printf_percent$$0000000A  c_w.l(_printf_u.o)
    0x080001a0   0x080001a0   0x00000006   Code   RO         4083    .ARM.Collect$$_printf_percent$$0000000B  c_w.l(_printf_o.o)
    0x080001a6   0x080001a6   0x00000006   Code   RO         4081    .ARM.Collect$$_printf_percent$$0000000C  c_w.l(_printf_x.o)
    0x080001ac   0x080001ac   0x00000006   Code   RO         4092    .ARM.Collect$$_printf_percent$$0000000D  c_w.l(_printf_lli.o)
    0x080001b2   0x080001b2   0x00000006   Code   RO         4093    .ARM.Collect$$_printf_percent$$0000000E  c_w.l(_printf_lld.o)
    0x080001b8   0x080001b8   0x00000006   Code   RO         4094    .ARM.Collect$$_printf_percent$$0000000F  c_w.l(_printf_llu.o)
    0x080001be   0x080001be   0x00000006   Code   RO         4099    .ARM.Collect$$_printf_percent$$00000010  c_w.l(_printf_llo.o)
    0x080001c4   0x080001c4   0x00000006   Code   RO         4100    .ARM.Collect$$_printf_percent$$00000011  c_w.l(_printf_llx.o)
    0x080001ca   0x080001ca   0x0000000a   Code   RO         4096    .ARM.Collect$$_printf_percent$$00000012  c_w.l(_printf_l.o)
    0x080001d4   0x080001d4   0x00000006   Code   RO         4078    .ARM.Collect$$_printf_percent$$00000013  c_w.l(_printf_c.o)
    0x080001da   0x080001da   0x00000006   Code   RO         4079    .ARM.Collect$$_printf_percent$$00000014  c_w.l(_printf_s.o)
    0x080001e0   0x080001e0   0x00000006   Code   RO         4097    .ARM.Collect$$_printf_percent$$00000015  c_w.l(_printf_lc.o)
    0x080001e6   0x080001e6   0x00000006   Code   RO         4098    .ARM.Collect$$_printf_percent$$00000016  c_w.l(_printf_ls.o)
    0x080001ec   0x080001ec   0x00000004   Code   RO         4148    .ARM.Collect$$_printf_percent$$00000017  c_w.l(_printf_percent_end.o)
    0x080001f0   0x080001f0   0x00000002   Code   RO         4197    .ARM.Collect$$libinit$$00000000  c_w.l(libinit.o)
    0x080001f2   0x080001f2   0x00000000   Code   RO         4213    .ARM.Collect$$libinit$$00000002  c_w.l(libinit2.o)
    0x080001f2   0x080001f2   0x00000000   Code   RO         4215    .ARM.Collect$$libinit$$00000004  c_w.l(libinit2.o)
    0x080001f2   0x080001f2   0x00000000   Code   RO         4218    .ARM.Collect$$libinit$$0000000A  c_w.l(libinit2.o)
    0x080001f2   0x080001f2   0x00000000   Code   RO         4220    .ARM.Collect$$libinit$$0000000C  c_w.l(libinit2.o)
    0x080001f2   0x080001f2   0x00000000   Code   RO         4222    .ARM.Collect$$libinit$$0000000E  c_w.l(libinit2.o)
    0x080001f2   0x080001f2   0x00000006   Code   RO         4223    .ARM.Collect$$libinit$$0000000F  c_w.l(libinit2.o)
    0x080001f8   0x080001f8   0x00000000   Code   RO         4225    .ARM.Collect$$libinit$$00000011  c_w.l(libinit2.o)
    0x080001f8   0x080001f8   0x0000000c   Code   RO         4226    .ARM.Collect$$libinit$$00000012  c_w.l(libinit2.o)
    0x08000204   0x08000204   0x00000000   Code   RO         4227    .ARM.Collect$$libinit$$00000013  c_w.l(libinit2.o)
    0x08000204   0x08000204   0x00000000   Code   RO         4229    .ARM.Collect$$libinit$$00000015  c_w.l(libinit2.o)
    0x08000204   0x08000204   0x0000000a   Code   RO         4230    .ARM.Collect$$libinit$$00000016  c_w.l(libinit2.o)
    0x0800020e   0x0800020e   0x00000000   Code   RO         4231    .ARM.Collect$$libinit$$00000017  c_w.l(libinit2.o)
    0x0800020e   0x0800020e   0x00000000   Code   RO         4233    .ARM.Collect$$libinit$$00000019  c_w.l(libinit2.o)
    0x0800020e   0x0800020e   0x00000000   Code   RO         4235    .ARM.Collect$$libinit$$0000001B  c_w.l(libinit2.o)
    0x0800020e   0x0800020e   0x00000000   Code   RO         4237    .ARM.Collect$$libinit$$0000001D  c_w.l(libinit2.o)
    0x0800020e   0x0800020e   0x00000000   Code   RO         4239    .ARM.Collect$$libinit$$0000001F  c_w.l(libinit2.o)
    0x0800020e   0x0800020e   0x00000000   Code   RO         4241    .ARM.Collect$$libinit$$00000021  c_w.l(libinit2.o)
    0x0800020e   0x0800020e   0x00000000   Code   RO         4243    .ARM.Collect$$libinit$$00000023  c_w.l(libinit2.o)
    0x0800020e   0x0800020e   0x00000000   Code   RO         4245    .ARM.Collect$$libinit$$00000025  c_w.l(libinit2.o)
    0x0800020e   0x0800020e   0x00000000   Code   RO         4249    .ARM.Collect$$libinit$$0000002C  c_w.l(libinit2.o)
    0x0800020e   0x0800020e   0x00000000   Code   RO         4251    .ARM.Collect$$libinit$$0000002E  c_w.l(libinit2.o)
    0x0800020e   0x0800020e   0x00000000   Code   RO         4253    .ARM.Collect$$libinit$$00000030  c_w.l(libinit2.o)
    0x0800020e   0x0800020e   0x00000000   Code   RO         4255    .ARM.Collect$$libinit$$00000032  c_w.l(libinit2.o)
    0x0800020e   0x0800020e   0x00000002   Code   RO         4256    .ARM.Collect$$libinit$$00000033  c_w.l(libinit2.o)
    0x08000210   0x08000210   0x00000002   Code   RO         4276    .ARM.Collect$$libshutdown$$00000000  c_w.l(libshutdown.o)
    0x08000212   0x08000212   0x00000000   Code   RO         4289    .ARM.Collect$$libshutdown$$00000002  c_w.l(libshutdown2.o)
    0x08000212   0x08000212   0x00000000   Code   RO         4291    .ARM.Collect$$libshutdown$$00000004  c_w.l(libshutdown2.o)
    0x08000212   0x08000212   0x00000000   Code   RO         4294    .ARM.Collect$$libshutdown$$00000007  c_w.l(libshutdown2.o)
    0x08000212   0x08000212   0x00000000   Code   RO         4297    .ARM.Collect$$libshutdown$$0000000A  c_w.l(libshutdown2.o)
    0x08000212   0x08000212   0x00000000   Code   RO         4299    .ARM.Collect$$libshutdown$$0000000C  c_w.l(libshutdown2.o)
    0x08000212   0x08000212   0x00000000   Code   RO         4302    .ARM.Collect$$libshutdown$$0000000F  c_w.l(libshutdown2.o)
    0x08000212   0x08000212   0x00000002   Code   RO         4303    .ARM.Collect$$libshutdown$$00000010  c_w.l(libshutdown2.o)
    0x08000214   0x08000214   0x00000000   Code   RO         4009    .ARM.Collect$$rtentry$$00000000  c_w.l(__rtentry.o)
    0x08000214   0x08000214   0x00000000   Code   RO         4119    .ARM.Collect$$rtentry$$00000002  c_w.l(__rtentry2.o)
    0x08000214   0x08000214   0x00000006   Code   RO         4131    .ARM.Collect$$rtentry$$00000004  c_w.l(__rtentry4.o)
    0x0800021a   0x0800021a   0x00000000   Code   RO         4121    .ARM.Collect$$rtentry$$00000009  c_w.l(__rtentry2.o)
    0x0800021a   0x0800021a   0x00000004   Code   RO         4122    .ARM.Collect$$rtentry$$0000000A  c_w.l(__rtentry2.o)
    0x0800021e   0x0800021e   0x00000000   Code   RO         4124    .ARM.Collect$$rtentry$$0000000C  c_w.l(__rtentry2.o)
    0x0800021e   0x0800021e   0x00000008   Code   RO         4125    .ARM.Collect$$rtentry$$0000000D  c_w.l(__rtentry2.o)
    0x08000226   0x08000226   0x00000002   Code   RO         4205    .ARM.Collect$$rtexit$$00000000  c_w.l(rtexit.o)
    0x08000228   0x08000228   0x00000000   Code   RO         4258    .ARM.Collect$$rtexit$$00000002  c_w.l(rtexit2.o)
    0x08000228   0x08000228   0x00000004   Code   RO         4259    .ARM.Collect$$rtexit$$00000003  c_w.l(rtexit2.o)
    0x0800022c   0x0800022c   0x00000006   Code   RO         4260    .ARM.Collect$$rtexit$$00000004  c_w.l(rtexit2.o)
    0x08000232   0x08000232   0x00000002   PAD
    0x08000234   0x08000234   0x00000040   Code   RO            4    .text               startup_stm32f10x_md.o
    0x08000274   0x08000274   0x00000024   Code   RO         3967    .text               c_w.l(vsprintf.o)
    0x08000298   0x08000298   0x00000024   Code   RO         3969    .text               c_w.l(strstr.o)
    0x080002bc   0x080002bc   0x0000004e   Code   RO         3971    .text               c_w.l(rt_memclr_w.o)
    0x0800030a   0x0800030a   0x00000006   Code   RO         3973    .text               c_w.l(heapauxi.o)
    0x08000310   0x08000310   0x0000004e   Code   RO         4012    .text               c_w.l(_printf_pad.o)
    0x0800035e   0x0800035e   0x00000024   Code   RO         4014    .text               c_w.l(_printf_truncate.o)
    0x08000382   0x08000382   0x00000052   Code   RO         4016    .text               c_w.l(_printf_str.o)
    0x080003d4   0x080003d4   0x00000078   Code   RO         4018    .text               c_w.l(_printf_dec.o)
    0x0800044c   0x0800044c   0x00000028   Code   RO         4020    .text               c_w.l(_printf_charcount.o)
    0x08000474   0x08000474   0x00000030   Code   RO         4022    .text               c_w.l(_printf_char_common.o)
    0x080004a4   0x080004a4   0x0000000a   Code   RO         4024    .text               c_w.l(_sputc.o)
    0x080004ae   0x080004ae   0x00000002   PAD
    0x080004b0   0x080004b0   0x000000bc   Code   RO         4026    .text               c_w.l(_printf_wctomb.o)
    0x0800056c   0x0800056c   0x0000007c   Code   RO         4029    .text               c_w.l(_printf_longlong_dec.o)
    0x080005e8   0x080005e8   0x00000070   Code   RO         4035    .text               c_w.l(_printf_oct_int_ll.o)
    0x08000658   0x08000658   0x00000094   Code   RO         4055    .text               c_w.l(_printf_hex_int_ll_ptr.o)
    0x080006ec   0x080006ec   0x00000188   Code   RO         4075    .text               c_w.l(__printf_flags_ss_wp.o)
    0x08000874   0x08000874   0x0000008a   Code   RO         4133    .text               c_w.l(lludiv10.o)
    0x080008fe   0x080008fe   0x000000b2   Code   RO         4135    .text               c_w.l(_printf_intcommon.o)
    0x080009b0   0x080009b0   0x0000041e   Code   RO         4137    .text               c_w.l(_printf_fp_dec.o)
    0x08000dce   0x08000dce   0x00000002   PAD
    0x08000dd0   0x08000dd0   0x000002fc   Code   RO         4139    .text               c_w.l(_printf_fp_hex.o)
    0x080010cc   0x080010cc   0x0000002c   Code   RO         4144    .text               c_w.l(_printf_char.o)
    0x080010f8   0x080010f8   0x0000002c   Code   RO         4146    .text               c_w.l(_printf_wchar.o)
    0x08001124   0x08001124   0x00000040   Code   RO         4149    .text               c_w.l(_wcrtomb.o)
    0x08001164   0x08001164   0x0000004a   Code   RO         4151    .text               c_w.l(sys_stackheap_outer.o)
    0x080011ae   0x080011ae   0x00000002   PAD
    0x080011b0   0x080011b0   0x00000010   Code   RO         4153    .text               c_w.l(rt_ctype_table.o)
    0x080011c0   0x080011c0   0x00000008   Code   RO         4158    .text               c_w.l(rt_locale_intlibspace.o)
    0x080011c8   0x080011c8   0x00000080   Code   RO         4160    .text               c_w.l(_printf_fp_infnan.o)
    0x08001248   0x08001248   0x000000e4   Code   RO         4162    .text               c_w.l(bigflt0.o)
    0x0800132c   0x0800132c   0x00000012   Code   RO         4190    .text               c_w.l(exit.o)
    0x0800133e   0x0800133e   0x00000002   PAD
    0x08001340   0x08001340   0x00000008   Code   RO         4202    .text               c_w.l(libspace.o)
    0x08001348   0x08001348   0x00000080   Code   RO         4210    .text               c_w.l(strcmpv7m.o)
    0x080013c8   0x080013c8   0x0000000c   Code   RO         4268    .text               c_w.l(sys_exit.o)
    0x080013d4   0x080013d4   0x00000002   Code   RO         4279    .text               c_w.l(use_no_semi.o)
    0x080013d6   0x080013d6   0x00000000   Code   RO         4281    .text               c_w.l(indicate_semi.o)
    0x080013d6   0x080013d6   0x0000003e   Code   RO         4165    CL$$btod_d2e        c_w.l(btod.o)
    0x08001414   0x08001414   0x00000046   Code   RO         4167    CL$$btod_d2e_denorm_low  c_w.l(btod.o)
    0x0800145a   0x0800145a   0x00000060   Code   RO         4166    CL$$btod_d2e_norm_op1  c_w.l(btod.o)
    0x080014ba   0x080014ba   0x00000338   Code   RO         4175    CL$$btod_div_common  c_w.l(btod.o)
    0x080017f2   0x080017f2   0x000000dc   Code   RO         4172    CL$$btod_e2e        c_w.l(btod.o)
    0x080018ce   0x080018ce   0x0000002a   Code   RO         4169    CL$$btod_ediv       c_w.l(btod.o)
    0x080018f8   0x080018f8   0x0000002a   Code   RO         4168    CL$$btod_emul       c_w.l(btod.o)
    0x08001922   0x08001922   0x00000244   Code   RO         4174    CL$$btod_mult_common  c_w.l(btod.o)
    0x08001b66   0x08001b66   0x00000016   Code   RO          454    i.ADC_Cmd           stm32f10x_adc.o
    0x08001b7c   0x08001b7c   0x00000016   Code   RO          455    i.ADC_DMACmd        stm32f10x_adc.o
    0x08001b92   0x08001b92   0x00000014   Code   RO          462    i.ADC_GetCalibrationStatus  stm32f10x_adc.o
    0x08001ba6   0x08001ba6   0x00000014   Code   RO          468    i.ADC_GetResetCalibrationStatus  stm32f10x_adc.o
    0x08001bba   0x08001bba   0x00000002   PAD
    0x08001bbc   0x08001bbc   0x00000050   Code   RO          472    i.ADC_Init          stm32f10x_adc.o
    0x08001c0c   0x08001c0c   0x000000b8   Code   RO          476    i.ADC_RegularChannelConfig  stm32f10x_adc.o
    0x08001cc4   0x08001cc4   0x0000000a   Code   RO          477    i.ADC_ResetCalibration  stm32f10x_adc.o
    0x08001cce   0x08001cce   0x00000016   Code   RO          479    i.ADC_SoftwareStartConvCmd  stm32f10x_adc.o
    0x08001ce4   0x08001ce4   0x0000000a   Code   RO          481    i.ADC_StartCalibration  stm32f10x_adc.o
    0x08001cee   0x08001cee   0x00000004   Code   RO          263    i.BusFault_Handler  stm32f10x_it.o
    0x08001cf2   0x08001cf2   0x00000002   PAD
    0x08001cf4   0x08001cf4   0x00000034   Code   RO         3836    i.Buzzer_Init       buzzer.o
    0x08001d28   0x08001d28   0x0000002c   Code   RO         3837    i.Buzzer_Reminder   buzzer.o
    0x08001d54   0x08001d54   0x0000003c   Code   RO         3761    i.DHT11_Collect     dht11.o
    0x08001d90   0x08001d90   0x00000002   Code   RO         3762    i.DHT11_Init        dht11.o
    0x08001d92   0x08001d92   0x00000002   PAD
    0x08001d94   0x08001d94   0x0000002c   Code   RO         3763    i.DHT11_InputMode   dht11.o
    0x08001dc0   0x08001dc0   0x0000002c   Code   RO         3764    i.DHT11_OutputMode  dht11.o
    0x08001dec   0x08001dec   0x00000048   Code   RO         3765    i.DHT11_RecvByte    dht11.o
    0x08001e34   0x08001e34   0x0000006c   Code   RO         3766    i.DHT11_RecvData    dht11.o
    0x08001ea0   0x08001ea0   0x00000018   Code   RO         1160    i.DMA_Cmd           stm32f10x_dma.o
    0x08001eb8   0x08001eb8   0x0000003c   Code   RO         1166    i.DMA_Init          stm32f10x_dma.o
    0x08001ef4   0x08001ef4   0x00000002   Code   RO          264    i.DebugMon_Handler  stm32f10x_it.o
    0x08001ef6   0x08001ef6   0x00000018   Code   RO         3445    i.Delay_ms          delay.o
    0x08001f0e   0x08001f0e   0x0000002e   Code   RO         3447    i.Delay_us          delay.o
    0x08001f3c   0x08001f3c   0x00000148   Code   RO         3930    i.ESP8266_Init      esp8266.o
    0x08002084   0x08002084   0x0000003c   Code   RO         3931    i.ESP8266_SendCmd   esp8266.o
    0x080020c0   0x080020c0   0x00000064   Code   RO         3932    i.ESP8266_SendData  esp8266.o
    0x08002124   0x08002124   0x00000116   Code   RO         1596    i.GPIO_Init         stm32f10x_gpio.o
    0x0800223a   0x0800223a   0x00000012   Code   RO         1600    i.GPIO_ReadInputDataBit  stm32f10x_gpio.o
    0x0800224c   0x0800224c   0x00000004   Code   RO         1603    i.GPIO_ResetBits    stm32f10x_gpio.o
    0x08002250   0x08002250   0x00000004   Code   RO         1604    i.GPIO_SetBits      stm32f10x_gpio.o
    0x08002254   0x08002254   0x0000000a   Code   RO         1607    i.GPIO_WriteBit     stm32f10x_gpio.o
    0x0800225e   0x0800225e   0x00000040   Code   RO         3809    i.GY30_Init         gy30.o
    0x0800229e   0x0800229e   0x00000002   PAD
    0x080022a0   0x080022a0   0x00000048   Code   RO         3810    i.GY30_RecvData     gy30.o
    0x080022e8   0x080022e8   0x00000004   Code   RO          265    i.HardFault_Handler  stm32f10x_it.o
    0x080022ec   0x080022ec   0x00000038   Code   RO         3869    i.LED_Close         led.o
    0x08002324   0x08002324   0x00000038   Code   RO         3870    i.LED_Init          led.o
    0x0800235c   0x0800235c   0x0000003c   Code   RO         3871    i.LED_Open          led.o
    0x08002398   0x08002398   0x00000008   Code   RO         3902    i.MQ135_Init        mq135.o
    0x080023a0   0x080023a0   0x00000014   Code   RO         3903    i.MQ135_RecvData    mq135.o
    0x080023b4   0x080023b4   0x00000004   Code   RO          266    i.MemManage_Handler  stm32f10x_it.o
    0x080023b8   0x080023b8   0x00000104   Code   RO         3544    i.MyADC_Init        myadc.o
    0x080024bc   0x080024bc   0x00000034   Code   RO         3472    i.MyI2C_Init        myi2c.o
    0x080024f0   0x080024f0   0x0000001e   Code   RO         3473    i.MyI2C_RecvAck     myi2c.o
    0x0800250e   0x0800250e   0x00000032   Code   RO         3474    i.MyI2C_RecvByte    myi2c.o
    0x08002540   0x08002540   0x0000001c   Code   RO         3475    i.MyI2C_SCL_W       myi2c.o
    0x0800255c   0x0800255c   0x0000001c   Code   RO         3476    i.MyI2C_SDA_R       myi2c.o
    0x08002578   0x08002578   0x0000001c   Code   RO         3477    i.MyI2C_SDA_W       myi2c.o
    0x08002594   0x08002594   0x00000018   Code   RO         3478    i.MyI2C_SendAck     myi2c.o
    0x080025ac   0x080025ac   0x0000002a   Code   RO         3479    i.MyI2C_SendByte    myi2c.o
    0x080025d6   0x080025d6   0x0000001c   Code   RO         3480    i.MyI2C_Start       myi2c.o
    0x080025f2   0x080025f2   0x00000016   Code   RO         3481    i.MyI2C_Stop        myi2c.o
    0x08002608   0x08002608   0x00000002   Code   RO          267    i.NMI_Handler       stm32f10x_it.o
    0x0800260a   0x0800260a   0x00000002   PAD
    0x0800260c   0x0800260c   0x00000070   Code   RO          409    i.NVIC_Init         misc.o
    0x0800267c   0x0800267c   0x00000014   Code   RO          410    i.NVIC_PriorityGroupConfig  misc.o
    0x08002690   0x08002690   0x0000002a   Code   RO         3626    i.OLED_Clear        oled.o
    0x080026ba   0x080026ba   0x00000002   PAD
    0x080026bc   0x080026bc   0x00000040   Code   RO         3627    i.OLED_I2C_Init     oled.o
    0x080026fc   0x080026fc   0x00000054   Code   RO         3628    i.OLED_I2C_SendByte  oled.o
    0x08002750   0x08002750   0x00000034   Code   RO         3629    i.OLED_I2C_Start    oled.o
    0x08002784   0x08002784   0x00000028   Code   RO         3630    i.OLED_I2C_Stop     oled.o
    0x080027ac   0x080027ac   0x000000ae   Code   RO         3631    i.OLED_Init         oled.o
    0x0800285a   0x0800285a   0x00000014   Code   RO         3632    i.OLED_Pow          oled.o
    0x0800286e   0x0800286e   0x00000022   Code   RO         3633    i.OLED_SetCursor    oled.o
    0x08002890   0x08002890   0x00000074   Code   RO         3635    i.OLED_ShowChar     oled.o
    0x08002904   0x08002904   0x00000044   Code   RO         3637    i.OLED_ShowNum      oled.o
    0x08002948   0x08002948   0x00000028   Code   RO         3639    i.OLED_ShowString   oled.o
    0x08002970   0x08002970   0x00000020   Code   RO         3640    i.OLED_WriteCommand  oled.o
    0x08002990   0x08002990   0x00000020   Code   RO         3641    i.OLED_WriteData    oled.o
    0x080029b0   0x080029b0   0x00000002   Code   RO          268    i.PendSV_Handler    stm32f10x_it.o
    0x080029b2   0x080029b2   0x00000002   PAD
    0x080029b4   0x080029b4   0x00000018   Code   RO         2022    i.RCC_ADCCLKConfig  stm32f10x_rcc.o
    0x080029cc   0x080029cc   0x00000020   Code   RO         2023    i.RCC_AHBPeriphClockCmd  stm32f10x_rcc.o
    0x080029ec   0x080029ec   0x00000020   Code   RO         2026    i.RCC_APB2PeriphClockCmd  stm32f10x_rcc.o
    0x08002a0c   0x08002a0c   0x000000d4   Code   RO         2034    i.RCC_GetClocksFreq  stm32f10x_rcc.o
    0x08002ae0   0x08002ae0   0x00000002   Code   RO          269    i.SVC_Handler       stm32f10x_it.o
    0x08002ae2   0x08002ae2   0x00000008   Code   RO           24    i.SetSysClock       system_stm32f10x.o
    0x08002aea   0x08002aea   0x00000002   PAD
    0x08002aec   0x08002aec   0x000000e0   Code   RO           25    i.SetSysClockTo72   system_stm32f10x.o
    0x08002bcc   0x08002bcc   0x00000002   Code   RO          270    i.SysTick_Handler   stm32f10x_it.o
    0x08002bce   0x08002bce   0x00000002   PAD
    0x08002bd0   0x08002bd0   0x00000060   Code   RO           27    i.SystemInit        system_stm32f10x.o
    0x08002c30   0x08002c30   0x0000001c   Code   RO         3562    i.USART1_Clear      usart1.o
    0x08002c4c   0x08002c4c   0x00000054   Code   RO         3564    i.USART1_IRQHandler  usart1.o
    0x08002ca0   0x08002ca0   0x000000b8   Code   RO         3565    i.USART1_Init       usart1.o
    0x08002d58   0x08002d58   0x0000002c   Code   RO         3566    i.USART1_Printf     usart1.o
    0x08002d84   0x08002d84   0x00000020   Code   RO         3567    i.USART1_SendByte   usart1.o
    0x08002da4   0x08002da4   0x0000001a   Code   RO         3568    i.USART1_SendString  usart1.o
    0x08002dbe   0x08002dbe   0x0000001e   Code   RO         3206    i.USART_ClearITPendingBit  stm32f10x_usart.o
    0x08002ddc   0x08002ddc   0x00000018   Code   RO         3209    i.USART_Cmd         stm32f10x_usart.o
    0x08002df4   0x08002df4   0x0000001a   Code   RO         3212    i.USART_GetFlagStatus  stm32f10x_usart.o
    0x08002e0e   0x08002e0e   0x00000054   Code   RO         3213    i.USART_GetITStatus  stm32f10x_usart.o
    0x08002e62   0x08002e62   0x0000004a   Code   RO         3215    i.USART_ITConfig    stm32f10x_usart.o
    0x08002eac   0x08002eac   0x000000d8   Code   RO         3216    i.USART_Init        stm32f10x_usart.o
    0x08002f84   0x08002f84   0x0000000a   Code   RO         3223    i.USART_ReceiveData  stm32f10x_usart.o
    0x08002f8e   0x08002f8e   0x00000008   Code   RO         3226    i.USART_SendData    stm32f10x_usart.o
    0x08002f96   0x08002f96   0x00000004   Code   RO          271    i.UsageFault_Handler  stm32f10x_it.o
    0x08002f9a   0x08002f9a   0x00000028   Code   RO         4200    i.__ARM_fpclassify  m_ws.l(fpclassify.o)
    0x08002fc2   0x08002fc2   0x0000000e   Code   RO         4068    i._is_digit         c_w.l(__printf_wp.o)
    0x08002fd0   0x08002fd0   0x000001d0   Code   RO          137    i.main              main.o
    0x080031a0   0x080031a0   0x0000002c   Code   RO         4188    locale$$code        c_w.l(lc_numeric_c.o)
    0x080031cc   0x080031cc   0x0000002c   Code   RO         4208    locale$$code        c_w.l(lc_ctype_c.o)
    0x080031f8   0x080031f8   0x00000062   Code   RO         3977    x$fpl$d2f           fz_ws.l(d2f.o)
    0x0800325a   0x0800325a   0x00000002   PAD
    0x0800325c   0x0800325c   0x00000150   Code   RO         3979    x$fpl$dadd          fz_ws.l(daddsub_clz.o)
    0x080033ac   0x080033ac   0x000002b0   Code   RO         3986    x$fpl$ddiv          fz_ws.l(ddiv.o)
    0x0800365c   0x0800365c   0x00000026   Code   RO         3989    x$fpl$dfltu         fz_ws.l(dflt_clz.o)
    0x08003682   0x08003682   0x00000002   PAD
    0x08003684   0x08003684   0x00000154   Code   RO         3995    x$fpl$dmul          fz_ws.l(dmul.o)
    0x080037d8   0x080037d8   0x0000009c   Code   RO         4101    x$fpl$dnaninf       fz_ws.l(dnaninf.o)
    0x08003874   0x08003874   0x0000000c   Code   RO         4103    x$fpl$dretinf       fz_ws.l(dretinf.o)
    0x08003880   0x08003880   0x000001d4   Code   RO         3981    x$fpl$dsub          fz_ws.l(daddsub_clz.o)
    0x08003a54   0x08003a54   0x00000056   Code   RO         3997    x$fpl$f2d           fz_ws.l(f2d.o)
    0x08003aaa   0x08003aaa   0x00000002   PAD
    0x08003aac   0x08003aac   0x00000036   Code   RO         3999    x$fpl$ffix          fz_ws.l(ffix.o)
    0x08003ae2   0x08003ae2   0x00000002   PAD
    0x08003ae4   0x08003ae4   0x0000003e   Code   RO         4003    x$fpl$ffixu         fz_ws.l(ffixu.o)
    0x08003b22   0x08003b22   0x00000002   PAD
    0x08003b24   0x08003b24   0x00000102   Code   RO         4007    x$fpl$fmul          fz_ws.l(fmul.o)
    0x08003c26   0x08003c26   0x0000008c   Code   RO         4105    x$fpl$fnaninf       fz_ws.l(fnaninf.o)
    0x08003cb2   0x08003cb2   0x0000000a   Code   RO         4107    x$fpl$fretinf       fz_ws.l(fretinf.o)
    0x08003cbc   0x08003cbc   0x00000004   Code   RO         4109    x$fpl$printf1       fz_ws.l(printf1.o)
    0x08003cc0   0x08003cc0   0x00000004   Code   RO         4111    x$fpl$printf2       fz_ws.l(printf2.o)
    0x08003cc4   0x08003cc4   0x00000000   Code   RO         4117    x$fpl$usenofp       fz_ws.l(usenofp.o)
    0x08003cc4   0x08003cc4   0x000005f0   Data   RO         3642    .constdata          oled.o
    0x080042b4   0x080042b4   0x00000008   Data   RO         4027    .constdata          c_w.l(_printf_wctomb.o)
    0x080042bc   0x080042bc   0x00000028   Data   RO         4056    .constdata          c_w.l(_printf_hex_int_ll_ptr.o)
    0x080042e4   0x080042e4   0x00000011   Data   RO         4076    .constdata          c_w.l(__printf_flags_ss_wp.o)
    0x080042f5   0x080042f5   0x00000026   Data   RO         4140    .constdata          c_w.l(_printf_fp_hex.o)
    0x0800431b   0x0800431b   0x00000001   PAD
    0x0800431c   0x0800431c   0x00000094   Data   RO         4163    .constdata          c_w.l(bigflt0.o)
    0x080043b0   0x080043b0   0x00000256   Data   RO         3933    .conststring        esp8266.o
    0x08004606   0x08004606   0x00000002   PAD
    0x08004608   0x08004608   0x00000020   Data   RO         4334    Region$$Table       anon$$obj.o
    0x08004628   0x08004628   0x0000001c   Data   RO         4187    locale$$data        c_w.l(lc_numeric_c.o)
    0x08004644   0x08004644   0x00000110   Data   RO         4207    locale$$data        c_w.l(lc_ctype_c.o)


    Execution Region RW_IRAM1 (Exec base: 0x20000000, Load base: 0x08004754, Size: 0x00000aa0, Max: 0x00005000, ABSOLUTE)

    Exec Addr    Load Addr    Size         Type   Attr      Idx    E Section Name        Object

    0x20000000   0x08004754   0x00000014   Data   RW         2054    .data               stm32f10x_rcc.o
    0x20000014   0x08004768   0x00000004   Data   RW         3767    .data               dht11.o
    0x20000018   0x0800476c   0x00000002   Data   RW         3811    .data               gy30.o
    0x2000001a   0x0800476e   0x00000002   Data   RW         3904    .data               mq135.o
    0x2000001c        -       0x00000020   Zero   RW         3545    .bss                myadc.o
    0x2000003c        -       0x00000404   Zero   RW         3569    .bss                usart1.o
    0x20000440        -       0x00000060   Zero   RW         4203    .bss                c_w.l(libspace.o)
    0x200004a0        -       0x00000200   Zero   RW            2    HEAP                startup_stm32f10x_md.o
    0x200006a0        -       0x00000400   Zero   RW            1    STACK               startup_stm32f10x_md.o


==============================================================================

Image component sizes


      Code (inc. data)   RO Data    RW Data    ZI Data      Debug   Object Name

        96          8          0          0          0        888   buzzer.o
         0          0          0          0          0       4524   core_cm3.o
        70          0          0          0          0        922   delay.o
       330         32          0          4          0       3569   dht11.o
       488        146        598          0          0       1964   esp8266.o
       136          6          0          2          0       1084   gy30.o
       172         14          0          0          0       1406   led.o
       464         96          0          0          0     237007   main.o
       132         22          0          0          0       3051   misc.o
        28         10          0          2          0        996   mq135.o
       260         18          0          0         32       1134   myadc.o
       332         24          0          0          0       4724   myi2c.o
       798         24       1520          0          0       7241   oled.o
        64         26        236          0       1536        804   startup_stm32f10x_md.o
       390         10          0          0          0      16001   stm32f10x_adc.o
        84          0          0          0          0      12437   stm32f10x_dma.o
       314          0          0          0          0      12304   stm32f10x_gpio.o
        26          0          0          0          0     214098   stm32f10x_it.o
       300         38          0         20          0      13452   stm32f10x_rcc.o
       472          6          0          0          0      12431   stm32f10x_usart.o
       328         28          0          0          0       1741   system_stm32f10x.o
       398         28          0          0       1028       4185   usart1.o

    ----------------------------------------------------------------------
      5700        536       2388         28       2596     555963   Object Totals
         0          0         32          0          0          0   (incl. Generated)
        18          0          2          0          0          0   (incl. Padding)

    ----------------------------------------------------------------------

      Code (inc. data)   RO Data    RW Data    ZI Data      Debug   Library Member Name

         8          0          0          0          0         68   __main.o
       392          4         17          0          0         92   __printf_flags_ss_wp.o
        14          0          0          0          0         68   __printf_wp.o
         0          0          0          0          0          0   __rtentry.o
        12          0          0          0          0          0   __rtentry2.o
         6          0          0          0          0          0   __rtentry4.o
        52          8          0          0          0          0   __scatter.o
        26          0          0          0          0          0   __scatter_copy.o
        28          0          0          0          0          0   __scatter_zi.o
         6          0          0          0          0          0   _printf_a.o
         6          0          0          0          0          0   _printf_c.o
        44          0          0          0          0        108   _printf_char.o
        48          6          0          0          0         96   _printf_char_common.o
        40          0          0          0          0         68   _printf_charcount.o
         6          0          0          0          0          0   _printf_d.o
       120         16          0          0          0         92   _printf_dec.o
         6          0          0          0          0          0   _printf_e.o
         6          0          0          0          0          0   _printf_f.o
      1054          0          0          0          0        216   _printf_fp_dec.o
       764          8         38          0          0        100   _printf_fp_hex.o
       128         16          0          0          0         84   _printf_fp_infnan.o
         6          0          0          0          0          0   _printf_g.o
       148          4         40          0          0        160   _printf_hex_int_ll_ptr.o
         6          0          0          0          0          0   _printf_i.o
       178          0          0          0          0         88   _printf_intcommon.o
        10          0          0          0          0          0   _printf_l.o
         6          0          0          0          0          0   _printf_lc.o
        10          0          0          0          0          0   _printf_ll.o
         6          0          0          0          0          0   _printf_lld.o
         6          0          0          0          0          0   _printf_lli.o
         6          0          0          0          0          0   _printf_llo.o
         6          0          0          0          0          0   _printf_llu.o
         6          0          0          0          0          0   _printf_llx.o
       124         16          0          0          0         92   _printf_longlong_dec.o
         6          0          0          0          0          0   _printf_ls.o
         6          0          0          0          0          0   _printf_n.o
         6          0          0          0          0          0   _printf_o.o
       112         10          0          0          0        124   _printf_oct_int_ll.o
         6          0          0          0          0          0   _printf_p.o
        78          0          0          0          0        108   _printf_pad.o
         0          0          0          0          0          0   _printf_percent.o
         4          0          0          0          0          0   _printf_percent_end.o
         6          0          0          0          0          0   _printf_s.o
        82          0          0          0          0         80   _printf_str.o
        36          0          0          0          0         84   _printf_truncate.o
         6          0          0          0          0          0   _printf_u.o
        44          0          0          0          0        108   _printf_wchar.o
       188          6          8          0          0         92   _printf_wctomb.o
         6          0          0          0          0          0   _printf_x.o
        10          0          0          0          0         68   _sputc.o
        64          0          0          0          0         92   _wcrtomb.o
       228          4        148          0          0         96   bigflt0.o
      1936        128          0          0          0        672   btod.o
        18          0          0          0          0         80   exit.o
         6          0          0          0          0        152   heapauxi.o
         0          0          0          0          0          0   indicate_semi.o
        44         10        272          0          0         76   lc_ctype_c.o
        44         10         28          0          0         76   lc_numeric_c.o
         2          0          0          0          0          0   libinit.o
        30          0          0          0          0          0   libinit2.o
         2          0          0          0          0          0   libshutdown.o
         2          0          0          0          0          0   libshutdown2.o
         8          4          0          0         96         68   libspace.o
       138          0          0          0          0         80   lludiv10.o
        16          4          0          0          0         76   rt_ctype_table.o
         8          4          0          0          0         68   rt_locale_intlibspace.o
        78          0          0          0          0         80   rt_memclr_w.o
         2          0          0          0          0          0   rtexit.o
        10          0          0          0          0          0   rtexit2.o
       128          0          0          0          0         68   strcmpv7m.o
        36          0          0          0          0         80   strstr.o
        12          4          0          0          0         68   sys_exit.o
        74          0          0          0          0         80   sys_stackheap_outer.o
         2          0          0          0          0         68   use_no_semi.o
        36          4          0          0          0         76   vsprintf.o
        98          4          0          0          0         92   d2f.o
       804         16          0          0          0        272   daddsub_clz.o
       688        140          0          0          0        208   ddiv.o
        38          0          0          0          0         68   dflt_clz.o
       340         12          0          0          0        104   dmul.o
       156          4          0          0          0         92   dnaninf.o
        12          0          0          0          0         68   dretinf.o
        86          4          0          0          0         84   f2d.o
        54          4          0          0          0         84   ffix.o
        62          4          0          0          0         84   ffixu.o
       258          4          0          0          0         84   fmul.o
       140          4          0          0          0         84   fnaninf.o
        10          0          0          0          0         68   fretinf.o
         4          0          0          0          0         68   printf1.o
         4          0          0          0          0         68   printf2.o
         0          0          0          0          0          0   usenofp.o
        40          0          0          0          0         68   fpclassify.o

    ----------------------------------------------------------------------
      9620        462        552          0         96       5648   Library Totals
        22          0          1          0          0          0   (incl. Padding)

    ----------------------------------------------------------------------

      Code (inc. data)   RO Data    RW Data    ZI Data      Debug   Library Name

      6804        266        551          0         96       4052   c_w.l
      2754        196          0          0          0       1528   fz_ws.l
        40          0          0          0          0         68   m_ws.l

    ----------------------------------------------------------------------
      9620        462        552          0         96       5648   Library Totals

    ----------------------------------------------------------------------

==============================================================================


      Code (inc. data)   RO Data    RW Data    ZI Data      Debug   

     15320        998       2940         28       2692     553911   Grand Totals
     15320        998       2940         28       2692     553911   ELF Image Totals
     15320        998       2940         28          0          0   ROM Totals

==============================================================================

    Total RO  Size (Code + RO Data)                18260 (  17.83kB)
    Total RW  Size (RW Data + ZI Data)              2720 (   2.66kB)
    Total ROM Size (Code + RO Data + RW Data)      18288 (  17.86kB)

==============================================================================

